[2023-03-29T17:01:15.832-0800][0.010s] Using G1
[2023-03-29T17:01:15.969-0800][0.147s] Version: 15+36-1562 (release)
[2023-03-29T17:01:15.969-0800][0.147s] CPUs: 8 total, 8 available
[2023-03-29T17:01:15.969-0800][0.147s] Memory: 16384M
[2023-03-29T17:01:15.969-0800][0.147s] Large Page Support: Disabled
[2023-03-29T17:01:15.969-0800][0.147s] NUMA Support: Disabled
[2023-03-29T17:01:15.969-0800][0.147s] Compressed Oops: Enabled (Zero based)
[2023-03-29T17:01:15.969-0800][0.147s] Heap Region Size: 1M
[2023-03-29T17:01:15.969-0800][0.147s] Heap Min Capacity: 512M
[2023-03-29T17:01:15.969-0800][0.147s] Heap Initial Capacity: 512M
[2023-03-29T17:01:15.969-0800][0.147s] Heap Max Capacity: 512M
[2023-03-29T17:01:15.969-0800][0.147s] Pre-touch: Enabled
[2023-03-29T17:01:15.969-0800][0.147s] Parallel Workers: 8
[2023-03-29T17:01:15.969-0800][0.147s] Concurrent Workers: 2
[2023-03-29T17:01:15.969-0800][0.147s] Concurrent Refinement Workers: 8
[2023-03-29T17:01:15.969-0800][0.147s] Periodic GC: Disabled
[2023-03-29T17:01:15.970-0800][0.148s] Mark closed archive regions in map: [0x00000007fff00000, 0x00000007fff78ff8]
[2023-03-29T17:01:15.970-0800][0.148s] Mark open archive regions in map: [0x00000007ffe00000, 0x00000007ffe50ff8]
[2023-03-29T17:01:15.970-0800][0.148s] CDS archive(s) mapped at: [0x0000000800000000-0x0000000800b2c000-0x0000000800b2c000), size 11714560, SharedBaseAddress: 0x0000000800000000, ArchiveRelocationMode: 0.
[2023-03-29T17:01:15.970-0800][0.148s] Compressed class space mapped at: 0x0000000800b2c000-0x0000000840b2c000, size: 1073741824
[2023-03-29T17:01:15.970-0800][0.148s] Narrow klass base: 0x0000000800000000, Narrow klass shift: 3, Narrow klass range: 0x100000000
[2023-03-29T17:01:16.789-0800][0.967s] GC(0) Pause Young (Normal) (G1 Evacuation Pause)
[2023-03-29T17:01:16.789-0800][0.968s] GC(0) Using 8 workers of 8 for evacuation
[2023-03-29T17:01:16.798-0800][0.976s] GC(0)   Pre Evacuate Collection Set: 0.1ms
[2023-03-29T17:01:16.798-0800][0.976s] GC(0)   Merge Heap Roots: 0.0ms
[2023-03-29T17:01:16.798-0800][0.976s] GC(0)   Evacuate Collection Set: 7.8ms
[2023-03-29T17:01:16.798-0800][0.976s] GC(0)   Post Evacuate Collection Set: 0.3ms
[2023-03-29T17:01:16.798-0800][0.976s] GC(0)   Other: 0.5ms
[2023-03-29T17:01:16.798-0800][0.976s] GC(0) Eden regions: 29->0(52)
[2023-03-29T17:01:16.798-0800][0.976s] GC(0) Survivor regions: 0->3(4)
[2023-03-29T17:01:16.798-0800][0.976s] GC(0) Old regions: 0->0
[2023-03-29T17:01:16.798-0800][0.976s] GC(0) Archive regions: 2->2
[2023-03-29T17:01:16.798-0800][0.976s] GC(0) Humongous regions: 0->0
[2023-03-29T17:01:16.798-0800][0.976s] GC(0) Metaspace: 6404K(7808K)->6404K(7808K) NonClass: 5667K(6912K)->5667K(6912K) Class: 737K(896K)->737K(896K)
[2023-03-29T17:01:16.798-0800][0.976s] GC(0) Pause Young (Normal) (G1 Evacuation Pause) 29M->3M(512M) 8.902ms
[2023-03-29T17:01:16.798-0800][0.976s] GC(0) User=0.01s Sys=0.01s Real=0.01s
[2023-03-29T17:03:18.041-0800][122.218s] Heap
[2023-03-29T17:03:18.041-0800][122.218s]  garbage-first heap   total 524288K, used 57840K [0x00000007e0000000, 0x0000000800000000)
[2023-03-29T17:03:18.041-0800][122.218s]   region size 1024K, 53 young (54272K), 3 survivors (3072K)
[2023-03-29T17:03:18.041-0800][122.218s]  Metaspace       used 18600K, capacity 18869K, committed 19200K, reserved 1067008K
[2023-03-29T17:03:18.041-0800][122.218s]   class space    used 2184K, capacity 2270K, committed 2304K, reserved 1048576K
