[2023-03-26T16:20:20.142-0800][0.009s] Using G1
[2023-03-26T16:20:20.285-0800][0.153s] Version: 15+36-1562 (release)
[2023-03-26T16:20:20.285-0800][0.153s] CPUs: 8 total, 8 available
[2023-03-26T16:20:20.285-0800][0.153s] Memory: 16384M
[2023-03-26T16:20:20.285-0800][0.153s] Large Page Support: Disabled
[2023-03-26T16:20:20.285-0800][0.153s] NUMA Support: Disabled
[2023-03-26T16:20:20.285-0800][0.153s] Compressed Oops: Enabled (Zero based)
[2023-03-26T16:20:20.285-0800][0.153s] Heap Region Size: 1M
[2023-03-26T16:20:20.285-0800][0.153s] Heap Min Capacity: 512M
[2023-03-26T16:20:20.285-0800][0.153s] Heap Initial Capacity: 512M
[2023-03-26T16:20:20.285-0800][0.153s] Heap Max Capacity: 512M
[2023-03-26T16:20:20.285-0800][0.153s] Pre-touch: Enabled
[2023-03-26T16:20:20.285-0800][0.153s] Parallel Workers: 8
[2023-03-26T16:20:20.285-0800][0.153s] Concurrent Workers: 2
[2023-03-26T16:20:20.285-0800][0.153s] Concurrent Refinement Workers: 8
[2023-03-26T16:20:20.285-0800][0.153s] Periodic GC: Disabled
[2023-03-26T16:20:20.285-0800][0.153s] Mark closed archive regions in map: [0x00000007fff00000, 0x00000007fff78ff8]
[2023-03-26T16:20:20.286-0800][0.153s] Mark open archive regions in map: [0x00000007ffe00000, 0x00000007ffe50ff8]
[2023-03-26T16:20:20.286-0800][0.153s] CDS archive(s) mapped at: [0x0000000800000000-0x0000000800b2c000-0x0000000800b2c000), size 11714560, SharedBaseAddress: 0x0000000800000000, ArchiveRelocationMode: 0.
[2023-03-26T16:20:20.286-0800][0.153s] Compressed class space mapped at: 0x0000000800b2c000-0x0000000840b2c000, size: 1073741824
[2023-03-26T16:20:20.286-0800][0.153s] Narrow klass base: 0x0000000800000000, Narrow klass shift: 3, Narrow klass range: 0x100000000
[2023-03-26T16:20:21.141-0800][1.009s] GC(0) Pause Young (Normal) (G1 Evacuation Pause)
[2023-03-26T16:20:21.141-0800][1.009s] GC(0) Using 8 workers of 8 for evacuation
[2023-03-26T16:20:21.150-0800][1.018s] GC(0)   Pre Evacuate Collection Set: 0.1ms
[2023-03-26T16:20:21.150-0800][1.018s] GC(0)   Merge Heap Roots: 0.1ms
[2023-03-26T16:20:21.150-0800][1.018s] GC(0)   Evacuate Collection Set: 8.0ms
[2023-03-26T16:20:21.150-0800][1.018s] GC(0)   Post Evacuate Collection Set: 0.3ms
[2023-03-26T16:20:21.150-0800][1.018s] GC(0)   Other: 0.7ms
[2023-03-26T16:20:21.150-0800][1.018s] GC(0) Eden regions: 29->0(53)
[2023-03-26T16:20:21.150-0800][1.018s] GC(0) Survivor regions: 0->3(4)
[2023-03-26T16:20:21.150-0800][1.018s] GC(0) Old regions: 0->0
[2023-03-26T16:20:21.150-0800][1.018s] GC(0) Archive regions: 2->2
[2023-03-26T16:20:21.150-0800][1.018s] GC(0) Humongous regions: 0->0
[2023-03-26T16:20:21.150-0800][1.018s] GC(0) Metaspace: 6403K(7808K)->6403K(7808K) NonClass: 5666K(6912K)->5666K(6912K) Class: 737K(896K)->737K(896K)
[2023-03-26T16:20:21.150-0800][1.018s] GC(0) Pause Young (Normal) (G1 Evacuation Pause) 29M->3M(512M) 9.247ms
[2023-03-26T16:20:21.150-0800][1.018s] GC(0) User=0.01s Sys=0.00s Real=0.01s
[2023-03-26T16:20:22.378-0800][2.246s] GC(1) Pause Young (Normal) (G1 Evacuation Pause)
[2023-03-26T16:20:22.378-0800][2.246s] GC(1) Using 8 workers of 8 for evacuation
[2023-03-26T16:20:22.395-0800][2.262s] GC(1)   Pre Evacuate Collection Set: 0.1ms
[2023-03-26T16:20:22.395-0800][2.262s] GC(1)   Merge Heap Roots: 0.1ms
[2023-03-26T16:20:22.395-0800][2.262s] GC(1)   Evacuate Collection Set: 15.6ms
[2023-03-26T16:20:22.395-0800][2.262s] GC(1)   Post Evacuate Collection Set: 0.5ms
[2023-03-26T16:20:22.395-0800][2.262s] GC(1)   Other: 0.1ms
[2023-03-26T16:20:22.395-0800][2.262s] GC(1) Eden regions: 53->0(136)
[2023-03-26T16:20:22.395-0800][2.262s] GC(1) Survivor regions: 3->7(7)
[2023-03-26T16:20:22.395-0800][2.262s] GC(1) Old regions: 0->7
[2023-03-26T16:20:22.395-0800][2.263s] GC(1) Archive regions: 2->2
[2023-03-26T16:20:22.395-0800][2.263s] GC(1) Humongous regions: 4->4
[2023-03-26T16:20:22.395-0800][2.263s] GC(1) Metaspace: 16871K(17536K)->16871K(17536K) NonClass: 14920K(15360K)->14920K(15360K) Class: 1951K(2176K)->1951K(2176K)
[2023-03-26T16:20:22.395-0800][2.263s] GC(1) Pause Young (Normal) (G1 Evacuation Pause) 60M->17M(512M) 16.565ms
[2023-03-26T16:20:22.395-0800][2.263s] GC(1) User=0.04s Sys=0.02s Real=0.02s
[2023-03-26T16:20:23.230-0800][3.097s] GC(2) Pause Young (Concurrent Start) (Metadata GC Threshold)
[2023-03-26T16:20:23.230-0800][3.097s] GC(2) Using 8 workers of 8 for evacuation
[2023-03-26T16:20:23.244-0800][3.112s] GC(2)   Pre Evacuate Collection Set: 0.2ms
[2023-03-26T16:20:23.244-0800][3.112s] GC(2)   Merge Heap Roots: 0.1ms
[2023-03-26T16:20:23.244-0800][3.112s] GC(2)   Evacuate Collection Set: 12.9ms
[2023-03-26T16:20:23.244-0800][3.112s] GC(2)   Post Evacuate Collection Set: 0.8ms
[2023-03-26T16:20:23.244-0800][3.112s] GC(2)   Other: 0.3ms
[2023-03-26T16:20:23.244-0800][3.112s] GC(2) Eden regions: 100->0(294)
[2023-03-26T16:20:23.244-0800][3.112s] GC(2) Survivor regions: 7->13(15)
[2023-03-26T16:20:23.244-0800][3.112s] GC(2) Old regions: 7->7
[2023-03-26T16:20:23.244-0800][3.112s] GC(2) Archive regions: 2->2
[2023-03-26T16:20:23.244-0800][3.112s] GC(2) Humongous regions: 5->4
[2023-03-26T16:20:23.244-0800][3.112s] GC(2) Metaspace: 20839K(21248K)->20839K(21248K) NonClass: 18436K(18688K)->18436K(18688K) Class: 2403K(2560K)->2403K(2560K)
[2023-03-26T16:20:23.244-0800][3.112s] GC(2) Pause Young (Concurrent Start) (Metadata GC Threshold) 118M->23M(512M) 14.293ms
[2023-03-26T16:20:23.244-0800][3.112s] GC(2) User=0.03s Sys=0.01s Real=0.01s
[2023-03-26T16:20:23.244-0800][3.112s] GC(3) Concurrent Cycle
[2023-03-26T16:20:23.244-0800][3.112s] GC(3) Concurrent Clear Claimed Marks
[2023-03-26T16:20:23.244-0800][3.112s] GC(3) Concurrent Clear Claimed Marks 0.029ms
[2023-03-26T16:20:23.244-0800][3.112s] GC(3) Concurrent Scan Root Regions
[2023-03-26T16:20:23.249-0800][3.116s] GC(3) Concurrent Scan Root Regions 4.276ms
[2023-03-26T16:20:23.249-0800][3.116s] GC(3) Concurrent Mark (3.116s)
[2023-03-26T16:20:23.249-0800][3.116s] GC(3) Concurrent Mark From Roots
[2023-03-26T16:20:23.249-0800][3.116s] GC(3) Using 2 workers of 2 for marking
[2023-03-26T16:20:23.255-0800][3.122s] GC(3) Concurrent Mark From Roots 6.007ms
[2023-03-26T16:20:23.255-0800][3.122s] GC(3) Concurrent Preclean
[2023-03-26T16:20:23.255-0800][3.122s] GC(3) Concurrent Preclean 0.061ms
[2023-03-26T16:20:23.255-0800][3.122s] GC(3) Concurrent Mark (3.116s, 3.122s) 6.138ms
[2023-03-26T16:20:23.255-0800][3.123s] GC(3) Pause Remark
[2023-03-26T16:20:23.267-0800][3.135s] GC(3) Pause Remark 24M->24M(512M) 11.575ms
[2023-03-26T16:20:23.267-0800][3.135s] GC(3) User=0.02s Sys=0.02s Real=0.01s
[2023-03-26T16:20:23.267-0800][3.135s] GC(3) Concurrent Rebuild Remembered Sets
[2023-03-26T16:20:23.277-0800][3.145s] GC(3) Concurrent Rebuild Remembered Sets 10.251ms
[2023-03-26T16:20:23.278-0800][3.146s] GC(3) Pause Cleanup
[2023-03-26T16:20:23.279-0800][3.146s] GC(3) Pause Cleanup 24M->24M(512M) 0.152ms
[2023-03-26T16:20:23.279-0800][3.146s] GC(3) User=0.00s Sys=0.00s Real=0.00s
[2023-03-26T16:20:23.279-0800][3.146s] GC(3) Concurrent Cleanup for Next Mark
[2023-03-26T16:20:23.280-0800][3.147s] GC(3) Concurrent Cleanup for Next Mark 0.803ms
[2023-03-26T16:20:23.280-0800][3.147s] GC(3) Concurrent Cycle 35.205ms
[2023-03-26T16:20:42.716-0800][22.583s] GC(4) Pause Young (Concurrent Start) (Metadata GC Threshold)
[2023-03-26T16:20:42.716-0800][22.583s] GC(4) Using 8 workers of 8 for evacuation
[2023-03-26T16:20:42.740-0800][22.607s] GC(4)   Pre Evacuate Collection Set: 0.1ms
[2023-03-26T16:20:42.740-0800][22.607s] GC(4)   Merge Heap Roots: 0.0ms
[2023-03-26T16:20:42.740-0800][22.607s] GC(4)   Evacuate Collection Set: 22.8ms
[2023-03-26T16:20:42.740-0800][22.607s] GC(4)   Post Evacuate Collection Set: 0.8ms
[2023-03-26T16:20:42.740-0800][22.607s] GC(4)   Other: 0.4ms
[2023-03-26T16:20:42.740-0800][22.607s] GC(4) Eden regions: 168->0(288)
[2023-03-26T16:20:42.740-0800][22.607s] GC(4) Survivor regions: 13->19(39)
[2023-03-26T16:20:42.740-0800][22.607s] GC(4) Old regions: 7->7
[2023-03-26T16:20:42.740-0800][22.608s] GC(4) Archive regions: 2->2
[2023-03-26T16:20:42.740-0800][22.608s] GC(4) Humongous regions: 4->4
[2023-03-26T16:20:42.740-0800][22.608s] GC(4) Metaspace: 34922K(35840K)->34922K(35840K) NonClass: 30780K(31488K)->30780K(31488K) Class: 4142K(4352K)->4142K(4352K)
[2023-03-26T16:20:42.740-0800][22.608s] GC(4) Pause Young (Concurrent Start) (Metadata GC Threshold) 191M->29M(512M) 24.281ms
[2023-03-26T16:20:42.740-0800][22.608s] GC(4) User=0.03s Sys=0.02s Real=0.03s
[2023-03-26T16:20:42.740-0800][22.608s] GC(5) Concurrent Cycle
[2023-03-26T16:20:42.740-0800][22.608s] GC(5) Concurrent Clear Claimed Marks
[2023-03-26T16:20:42.740-0800][22.608s] GC(5) Concurrent Clear Claimed Marks 0.034ms
[2023-03-26T16:20:42.740-0800][22.608s] GC(5) Concurrent Scan Root Regions
[2023-03-26T16:20:42.744-0800][22.611s] GC(5) Concurrent Scan Root Regions 3.427ms
[2023-03-26T16:20:42.744-0800][22.611s] GC(5) Concurrent Mark (22.611s)
[2023-03-26T16:20:42.744-0800][22.611s] GC(5) Concurrent Mark From Roots
[2023-03-26T16:20:42.744-0800][22.611s] GC(5) Using 2 workers of 2 for marking
[2023-03-26T16:20:42.748-0800][22.615s] GC(5) Concurrent Mark From Roots 3.809ms
[2023-03-26T16:20:42.748-0800][22.615s] GC(5) Concurrent Preclean
[2023-03-26T16:20:42.748-0800][22.615s] GC(5) Concurrent Preclean 0.029ms
[2023-03-26T16:20:42.748-0800][22.615s] GC(5) Concurrent Mark (22.611s, 22.615s) 3.888ms
[2023-03-26T16:20:42.748-0800][22.616s] GC(5) Pause Remark
[2023-03-26T16:20:42.759-0800][22.626s] GC(5) Pause Remark 30M->30M(512M) 10.863ms
[2023-03-26T16:20:42.759-0800][22.627s] GC(5) User=0.01s Sys=0.02s Real=0.01s
[2023-03-26T16:20:42.759-0800][22.627s] GC(5) Concurrent Rebuild Remembered Sets
[2023-03-26T16:20:42.762-0800][22.629s] GC(5) Concurrent Rebuild Remembered Sets 2.708ms
[2023-03-26T16:20:42.763-0800][22.630s] GC(5) Pause Cleanup
[2023-03-26T16:20:42.763-0800][22.630s] GC(5) Pause Cleanup 30M->30M(512M) 0.096ms
[2023-03-26T16:20:42.763-0800][22.630s] GC(5) User=0.00s Sys=0.00s Real=0.00s
[2023-03-26T16:20:42.763-0800][22.630s] GC(5) Concurrent Cleanup for Next Mark
[2023-03-26T16:20:42.763-0800][22.631s] GC(5) Concurrent Cleanup for Next Mark 0.691ms
[2023-03-26T16:20:42.763-0800][22.631s] GC(5) Concurrent Cycle 23.165ms
[2023-03-26T16:27:23.491-0800][423.353s] GC(6) Pause Young (Normal) (G1 Evacuation Pause)
[2023-03-26T16:27:23.492-0800][423.354s] GC(6) Using 8 workers of 8 for evacuation
[2023-03-26T16:27:23.581-0800][423.443s] GC(6)   Pre Evacuate Collection Set: 0.2ms
[2023-03-26T16:27:23.581-0800][423.443s] GC(6)   Merge Heap Roots: 0.2ms
[2023-03-26T16:27:23.581-0800][423.443s] GC(6)   Evacuate Collection Set: 87.0ms
[2023-03-26T16:27:23.581-0800][423.443s] GC(6)   Post Evacuate Collection Set: 1.8ms
[2023-03-26T16:27:23.581-0800][423.443s] GC(6)   Other: 1.3ms
[2023-03-26T16:27:23.581-0800][423.443s] GC(6) Eden regions: 288->0(280)
[2023-03-26T16:27:23.581-0800][423.443s] GC(6) Survivor regions: 19->27(39)
[2023-03-26T16:27:23.581-0800][423.443s] GC(6) Old regions: 7->7
[2023-03-26T16:27:23.581-0800][423.443s] GC(6) Archive regions: 2->2
[2023-03-26T16:27:23.581-0800][423.443s] GC(6) Humongous regions: 4->4
[2023-03-26T16:27:23.581-0800][423.443s] GC(6) Metaspace: 47179K(48128K)->47179K(48128K) NonClass: 41555K(42240K)->41555K(42240K) Class: 5624K(5888K)->5624K(5888K)
[2023-03-26T16:27:23.581-0800][423.443s] GC(6) Pause Young (Normal) (G1 Evacuation Pause) 317M->37M(512M) 90.511ms
[2023-03-26T16:27:23.581-0800][423.443s] GC(6) User=0.09s Sys=0.21s Real=0.09s
[2023-03-26T16:52:34.928-0800][1934.781s] GC(7) Pause Young (Normal) (G1 Evacuation Pause)
[2023-03-26T16:52:34.929-0800][1934.781s] GC(7) Using 8 workers of 8 for evacuation
[2023-03-26T16:52:34.985-0800][1934.838s] GC(7)   Pre Evacuate Collection Set: 0.2ms
[2023-03-26T16:52:34.985-0800][1934.838s] GC(7)   Merge Heap Roots: 0.1ms
[2023-03-26T16:52:34.985-0800][1934.838s] GC(7)   Evacuate Collection Set: 47.9ms
[2023-03-26T16:52:34.985-0800][1934.838s] GC(7)   Post Evacuate Collection Set: 7.9ms
[2023-03-26T16:52:34.985-0800][1934.838s] GC(7)   Other: 1.1ms
[2023-03-26T16:52:34.985-0800][1934.838s] GC(7) Eden regions: 280->0(280)
[2023-03-26T16:52:34.985-0800][1934.838s] GC(7) Survivor regions: 27->27(39)
[2023-03-26T16:52:34.985-0800][1934.838s] GC(7) Old regions: 7->14
[2023-03-26T16:52:34.985-0800][1934.838s] GC(7) Archive regions: 2->2
[2023-03-26T16:52:34.985-0800][1934.838s] GC(7) Humongous regions: 4->4
[2023-03-26T16:52:34.985-0800][1934.838s] GC(7) Metaspace: 52892K(53888K)->52892K(53888K) NonClass: 46703K(47360K)->46703K(47360K) Class: 6188K(6528K)->6188K(6528K)
[2023-03-26T16:52:34.985-0800][1934.838s] GC(7) Pause Young (Normal) (G1 Evacuation Pause) 317M->44M(512M) 57.344ms
[2023-03-26T16:52:34.985-0800][1934.838s] GC(7) User=0.07s Sys=0.11s Real=0.06s
[2023-03-26T16:52:36.166-0800][1936.019s] GC(8) Pause Young (Normal) (G1 Evacuation Pause)
[2023-03-26T16:52:36.166-0800][1936.019s] GC(8) Using 8 workers of 8 for evacuation
[2023-03-26T16:52:36.178-0800][1936.030s] GC(8)   Pre Evacuate Collection Set: 0.1ms
[2023-03-26T16:52:36.178-0800][1936.031s] GC(8)   Merge Heap Roots: 0.1ms
[2023-03-26T16:52:36.178-0800][1936.031s] GC(8)   Evacuate Collection Set: 10.5ms
[2023-03-26T16:52:36.178-0800][1936.031s] GC(8)   Post Evacuate Collection Set: 1.0ms
[2023-03-26T16:52:36.178-0800][1936.031s] GC(8)   Other: 0.2ms
[2023-03-26T16:52:36.178-0800][1936.031s] GC(8) Eden regions: 280->0(276)
[2023-03-26T16:52:36.178-0800][1936.031s] GC(8) Survivor regions: 27->31(39)
[2023-03-26T16:52:36.178-0800][1936.031s] GC(8) Old regions: 14->19
[2023-03-26T16:52:36.178-0800][1936.031s] GC(8) Archive regions: 2->2
[2023-03-26T16:52:36.178-0800][1936.031s] GC(8) Humongous regions: 4->4
[2023-03-26T16:52:36.178-0800][1936.031s] GC(8) Metaspace: 52923K(53888K)->52923K(53888K) NonClass: 46734K(47360K)->46734K(47360K) Class: 6189K(6528K)->6189K(6528K)
[2023-03-26T16:52:36.178-0800][1936.031s] GC(8) Pause Young (Normal) (G1 Evacuation Pause) 324M->54M(512M) 12.061ms
[2023-03-26T16:52:36.178-0800][1936.031s] GC(8) User=0.04s Sys=0.02s Real=0.01s
[2023-03-26T17:09:31.891-0800][2951.743s] GC(9) Pause Young (Normal) (G1 Evacuation Pause)
[2023-03-26T17:09:31.892-0800][2951.743s] GC(9) Using 8 workers of 8 for evacuation
[2023-03-26T17:09:31.940-0800][2951.792s] GC(9)   Pre Evacuate Collection Set: 0.2ms
[2023-03-26T17:09:31.940-0800][2951.792s] GC(9)   Merge Heap Roots: 0.2ms
[2023-03-26T17:09:31.940-0800][2951.792s] GC(9)   Evacuate Collection Set: 45.9ms
[2023-03-26T17:09:31.940-0800][2951.792s] GC(9)   Post Evacuate Collection Set: 2.1ms
[2023-03-26T17:09:31.940-0800][2951.792s] GC(9)   Other: 0.6ms
[2023-03-26T17:09:31.941-0800][2951.792s] GC(9) Eden regions: 276->0(302)
[2023-03-26T17:09:31.941-0800][2951.792s] GC(9) Survivor regions: 31->5(39)
[2023-03-26T17:09:31.941-0800][2951.792s] GC(9) Old regions: 19->31
[2023-03-26T17:09:31.941-0800][2951.792s] GC(9) Archive regions: 2->2
[2023-03-26T17:09:31.941-0800][2951.792s] GC(9) Humongous regions: 4->4
[2023-03-26T17:09:31.941-0800][2951.792s] GC(9) Metaspace: 53871K(54912K)->53871K(54912K) NonClass: 47630K(48384K)->47630K(48384K) Class: 6241K(6528K)->6241K(6528K)
[2023-03-26T17:09:31.941-0800][2951.792s] GC(9) Pause Young (Normal) (G1 Evacuation Pause) 330M->40M(512M) 49.080ms
[2023-03-26T17:09:31.941-0800][2951.792s] GC(9) User=0.05s Sys=0.09s Real=0.05s
