[2023-03-29T14:25:29.919-0800][0.009s] Using G1
[2023-03-29T14:25:30.066-0800][0.156s] Version: 15+36-1562 (release)
[2023-03-29T14:25:30.066-0800][0.156s] CPUs: 8 total, 8 available
[2023-03-29T14:25:30.066-0800][0.156s] Memory: 16384M
[2023-03-29T14:25:30.066-0800][0.156s] Large Page Support: Disabled
[2023-03-29T14:25:30.066-0800][0.156s] NUMA Support: Disabled
[2023-03-29T14:25:30.066-0800][0.156s] Compressed Oops: Enabled (Zero based)
[2023-03-29T14:25:30.066-0800][0.156s] Heap Region Size: 1M
[2023-03-29T14:25:30.066-0800][0.156s] Heap Min Capacity: 512M
[2023-03-29T14:25:30.066-0800][0.156s] Heap Initial Capacity: 512M
[2023-03-29T14:25:30.066-0800][0.156s] Heap Max Capacity: 512M
[2023-03-29T14:25:30.066-0800][0.156s] Pre-touch: Enabled
[2023-03-29T14:25:30.066-0800][0.156s] Parallel Workers: 8
[2023-03-29T14:25:30.066-0800][0.156s] Concurrent Workers: 2
[2023-03-29T14:25:30.066-0800][0.156s] Concurrent Refinement Workers: 8
[2023-03-29T14:25:30.066-0800][0.156s] Periodic GC: Disabled
[2023-03-29T14:25:30.066-0800][0.157s] Mark closed archive regions in map: [0x00000007fff00000, 0x00000007fff78ff8]
[2023-03-29T14:25:30.067-0800][0.157s] Mark open archive regions in map: [0x00000007ffe00000, 0x00000007ffe50ff8]
[2023-03-29T14:25:30.067-0800][0.157s] CDS archive(s) mapped at: [0x0000000800000000-0x0000000800b2c000-0x0000000800b2c000), size 11714560, SharedBaseAddress: 0x0000000800000000, ArchiveRelocationMode: 0.
[2023-03-29T14:25:30.067-0800][0.157s] Compressed class space mapped at: 0x0000000800b2c000-0x0000000840b2c000, size: 1073741824
[2023-03-29T14:25:30.067-0800][0.157s] Narrow klass base: 0x0000000800000000, Narrow klass shift: 3, Narrow klass range: 0x100000000
[2023-03-29T14:25:30.964-0800][1.054s] GC(0) Pause Young (Normal) (G1 Evacuation Pause)
[2023-03-29T14:25:30.964-0800][1.055s] GC(0) Using 8 workers of 8 for evacuation
[2023-03-29T14:25:30.973-0800][1.064s] GC(0)   Pre Evacuate Collection Set: 0.1ms
[2023-03-29T14:25:30.973-0800][1.064s] GC(0)   Merge Heap Roots: 0.2ms
[2023-03-29T14:25:30.973-0800][1.064s] GC(0)   Evacuate Collection Set: 7.9ms
[2023-03-29T14:25:30.973-0800][1.064s] GC(0)   Post Evacuate Collection Set: 0.4ms
[2023-03-29T14:25:30.973-0800][1.064s] GC(0)   Other: 1.1ms
[2023-03-29T14:25:30.973-0800][1.064s] GC(0) Eden regions: 29->0(52)
[2023-03-29T14:25:30.973-0800][1.064s] GC(0) Survivor regions: 0->3(4)
[2023-03-29T14:25:30.973-0800][1.064s] GC(0) Old regions: 0->0
[2023-03-29T14:25:30.973-0800][1.064s] GC(0) Archive regions: 2->2
[2023-03-29T14:25:30.973-0800][1.064s] GC(0) Humongous regions: 0->0
[2023-03-29T14:25:30.973-0800][1.064s] GC(0) Metaspace: 6399K(7808K)->6399K(7808K) NonClass: 5662K(6912K)->5662K(6912K) Class: 737K(896K)->737K(896K)
[2023-03-29T14:25:30.973-0800][1.064s] GC(0) Pause Young (Normal) (G1 Evacuation Pause) 29M->3M(512M) 9.722ms
[2023-03-29T14:25:30.973-0800][1.064s] GC(0) User=0.02s Sys=0.01s Real=0.01s
[2023-03-29T14:25:32.259-0800][2.350s] GC(1) Pause Young (Normal) (G1 Evacuation Pause)
[2023-03-29T14:25:32.259-0800][2.350s] GC(1) Using 8 workers of 8 for evacuation
[2023-03-29T14:25:32.273-0800][2.364s] GC(1)   Pre Evacuate Collection Set: 0.1ms
[2023-03-29T14:25:32.274-0800][2.364s] GC(1)   Merge Heap Roots: 0.1ms
[2023-03-29T14:25:32.274-0800][2.364s] GC(1)   Evacuate Collection Set: 13.8ms
[2023-03-29T14:25:32.274-0800][2.364s] GC(1)   Post Evacuate Collection Set: 0.4ms
[2023-03-29T14:25:32.274-0800][2.364s] GC(1)   Other: 0.1ms
[2023-03-29T14:25:32.274-0800][2.364s] GC(1) Eden regions: 52->0(133)
[2023-03-29T14:25:32.274-0800][2.364s] GC(1) Survivor regions: 3->7(7)
[2023-03-29T14:25:32.274-0800][2.364s] GC(1) Old regions: 0->7
[2023-03-29T14:25:32.274-0800][2.364s] GC(1) Archive regions: 2->2
[2023-03-29T14:25:32.274-0800][2.364s] GC(1) Humongous regions: 4->4
[2023-03-29T14:25:32.274-0800][2.364s] GC(1) Metaspace: 16856K(17536K)->16856K(17536K) NonClass: 14905K(15360K)->14905K(15360K) Class: 1951K(2176K)->1951K(2176K)
[2023-03-29T14:25:32.274-0800][2.364s] GC(1) Pause Young (Normal) (G1 Evacuation Pause) 59M->18M(512M) 14.619ms
[2023-03-29T14:25:32.274-0800][2.364s] GC(1) User=0.04s Sys=0.02s Real=0.02s
[2023-03-29T14:25:32.878-0800][2.969s] GC(2) Pause Young (Concurrent Start) (Metadata GC Threshold)
[2023-03-29T14:25:32.878-0800][2.969s] GC(2) Using 8 workers of 8 for evacuation
[2023-03-29T14:25:32.888-0800][2.979s] GC(2)   Pre Evacuate Collection Set: 0.1ms
[2023-03-29T14:25:32.888-0800][2.979s] GC(2)   Merge Heap Roots: 0.1ms
[2023-03-29T14:25:32.888-0800][2.979s] GC(2)   Evacuate Collection Set: 8.8ms
[2023-03-29T14:25:32.888-0800][2.979s] GC(2)   Post Evacuate Collection Set: 0.5ms
[2023-03-29T14:25:32.888-0800][2.979s] GC(2)   Other: 0.2ms
[2023-03-29T14:25:32.888-0800][2.979s] GC(2) Eden regions: 95->0(295)
[2023-03-29T14:25:32.888-0800][2.979s] GC(2) Survivor regions: 7->12(14)
[2023-03-29T14:25:32.888-0800][2.979s] GC(2) Old regions: 7->7
[2023-03-29T14:25:32.888-0800][2.979s] GC(2) Archive regions: 2->2
[2023-03-29T14:25:32.888-0800][2.979s] GC(2) Humongous regions: 5->5
[2023-03-29T14:25:32.888-0800][2.979s] GC(2) Metaspace: 20593K(21248K)->20593K(21248K) NonClass: 18241K(18688K)->18241K(18688K) Class: 2351K(2560K)->2351K(2560K)
[2023-03-29T14:25:32.888-0800][2.979s] GC(2) Pause Young (Concurrent Start) (Metadata GC Threshold) 113M->23M(512M) 9.792ms
[2023-03-29T14:25:32.888-0800][2.979s] GC(2) User=0.03s Sys=0.01s Real=0.01s
[2023-03-29T14:25:32.888-0800][2.979s] GC(3) Concurrent Cycle
[2023-03-29T14:25:32.888-0800][2.979s] GC(3) Concurrent Clear Claimed Marks
[2023-03-29T14:25:32.888-0800][2.979s] GC(3) Concurrent Clear Claimed Marks 0.026ms
[2023-03-29T14:25:32.888-0800][2.979s] GC(3) Concurrent Scan Root Regions
[2023-03-29T14:25:32.891-0800][2.982s] GC(3) Concurrent Scan Root Regions 2.668ms
[2023-03-29T14:25:32.891-0800][2.982s] GC(3) Concurrent Mark (2.982s)
[2023-03-29T14:25:32.891-0800][2.982s] GC(3) Concurrent Mark From Roots
[2023-03-29T14:25:32.891-0800][2.982s] GC(3) Using 2 workers of 2 for marking
[2023-03-29T14:25:32.897-0800][2.988s] GC(3) Concurrent Mark From Roots 6.198ms
[2023-03-29T14:25:32.897-0800][2.988s] GC(3) Concurrent Preclean
[2023-03-29T14:25:32.897-0800][2.988s] GC(3) Concurrent Preclean 0.049ms
[2023-03-29T14:25:32.897-0800][2.988s] GC(3) Concurrent Mark (2.982s, 2.988s) 6.306ms
[2023-03-29T14:25:32.898-0800][2.988s] GC(3) Pause Remark
[2023-03-29T14:25:32.906-0800][2.997s] GC(3) Pause Remark 24M->24M(512M) 8.202ms
[2023-03-29T14:25:32.906-0800][2.997s] GC(3) User=0.01s Sys=0.01s Real=0.01s
[2023-03-29T14:25:32.906-0800][2.997s] GC(3) Concurrent Rebuild Remembered Sets
[2023-03-29T14:25:32.913-0800][3.004s] GC(3) Concurrent Rebuild Remembered Sets 7.155ms
[2023-03-29T14:25:32.914-0800][3.005s] GC(3) Pause Cleanup
[2023-03-29T14:25:32.914-0800][3.005s] GC(3) Pause Cleanup 24M->24M(512M) 0.096ms
[2023-03-29T14:25:32.914-0800][3.005s] GC(3) User=0.00s Sys=0.00s Real=0.00s
[2023-03-29T14:25:32.914-0800][3.005s] GC(3) Concurrent Cleanup for Next Mark
[2023-03-29T14:25:32.915-0800][3.006s] GC(3) Concurrent Cleanup for Next Mark 0.748ms
[2023-03-29T14:25:32.915-0800][3.006s] GC(3) Concurrent Cycle 26.867ms
[2023-03-29T14:25:34.795-0800][4.886s] GC(4) Pause Young (Concurrent Start) (Metadata GC Threshold)
[2023-03-29T14:25:34.795-0800][4.886s] GC(4) Using 8 workers of 8 for evacuation
[2023-03-29T14:25:34.814-0800][4.905s] GC(4)   Pre Evacuate Collection Set: 0.1ms
[2023-03-29T14:25:34.815-0800][4.905s] GC(4)   Merge Heap Roots: 0.1ms
[2023-03-29T14:25:34.815-0800][4.905s] GC(4)   Evacuate Collection Set: 18.2ms
[2023-03-29T14:25:34.815-0800][4.905s] GC(4)   Post Evacuate Collection Set: 0.7ms
[2023-03-29T14:25:34.815-0800][4.905s] GC(4)   Other: 0.2ms
[2023-03-29T14:25:34.815-0800][4.905s] GC(4) Eden regions: 178->0(206)
[2023-03-29T14:25:34.815-0800][4.905s] GC(4) Survivor regions: 12->19(39)
[2023-03-29T14:25:34.815-0800][4.905s] GC(4) Old regions: 7->7
[2023-03-29T14:25:34.815-0800][4.905s] GC(4) Archive regions: 2->2
[2023-03-29T14:25:34.815-0800][4.905s] GC(4) Humongous regions: 5->4
[2023-03-29T14:25:34.815-0800][4.905s] GC(4) Metaspace: 34903K(35840K)->34903K(35840K) NonClass: 30808K(31488K)->30808K(31488K) Class: 4095K(4352K)->4095K(4352K)
[2023-03-29T14:25:34.815-0800][4.905s] GC(4) Pause Young (Concurrent Start) (Metadata GC Threshold) 201M->29M(512M) 19.293ms
[2023-03-29T14:25:34.815-0800][4.905s] GC(4) User=0.05s Sys=0.03s Real=0.02s
[2023-03-29T14:25:34.815-0800][4.905s] GC(5) Concurrent Cycle
[2023-03-29T14:25:34.815-0800][4.905s] GC(5) Concurrent Clear Claimed Marks
[2023-03-29T14:25:34.815-0800][4.905s] GC(5) Concurrent Clear Claimed Marks 0.026ms
[2023-03-29T14:25:34.815-0800][4.905s] GC(5) Concurrent Scan Root Regions
[2023-03-29T14:25:34.818-0800][4.909s] GC(5) Concurrent Scan Root Regions 3.151ms
[2023-03-29T14:25:34.818-0800][4.909s] GC(5) Concurrent Mark (4.909s)
[2023-03-29T14:25:34.818-0800][4.909s] GC(5) Concurrent Mark From Roots
[2023-03-29T14:25:34.818-0800][4.909s] GC(5) Using 2 workers of 2 for marking
[2023-03-29T14:25:34.822-0800][4.912s] GC(5) Concurrent Mark From Roots 3.872ms
[2023-03-29T14:25:34.822-0800][4.912s] GC(5) Concurrent Preclean
[2023-03-29T14:25:34.822-0800][4.913s] GC(5) Concurrent Preclean 0.028ms
[2023-03-29T14:25:34.822-0800][4.913s] GC(5) Concurrent Mark (4.909s, 4.913s) 3.951ms
[2023-03-29T14:25:34.822-0800][4.913s] GC(5) Pause Remark
[2023-03-29T14:25:34.833-0800][4.924s] GC(5) Pause Remark 30M->30M(512M) 10.490ms
[2023-03-29T14:25:34.833-0800][4.924s] GC(5) User=0.01s Sys=0.02s Real=0.01s
[2023-03-29T14:25:34.834-0800][4.924s] GC(5) Concurrent Rebuild Remembered Sets
[2023-03-29T14:25:34.837-0800][4.927s] GC(5) Concurrent Rebuild Remembered Sets 2.788ms
[2023-03-29T14:25:34.837-0800][4.928s] GC(5) Pause Cleanup
[2023-03-29T14:25:34.837-0800][4.928s] GC(5) Pause Cleanup 30M->30M(512M) 0.075ms
[2023-03-29T14:25:34.837-0800][4.928s] GC(5) User=0.00s Sys=0.00s Real=0.00s
[2023-03-29T14:25:34.837-0800][4.928s] GC(5) Concurrent Cleanup for Next Mark
[2023-03-29T14:25:34.838-0800][4.929s] GC(5) Concurrent Cleanup for Next Mark 0.680ms
[2023-03-29T14:25:34.838-0800][4.929s] GC(5) Concurrent Cycle 23.347ms
[2023-03-29T14:25:43.284-0800][13.375s] GC(6) Pause Young (Normal) (G1 Evacuation Pause)
[2023-03-29T14:25:43.284-0800][13.375s] GC(6) Using 8 workers of 8 for evacuation
[2023-03-29T14:25:43.317-0800][13.408s] GC(6)   Pre Evacuate Collection Set: 0.1ms
[2023-03-29T14:25:43.317-0800][13.408s] GC(6)   Merge Heap Roots: 0.1ms
[2023-03-29T14:25:43.317-0800][13.408s] GC(6)   Evacuate Collection Set: 32.1ms
[2023-03-29T14:25:43.317-0800][13.408s] GC(6)   Post Evacuate Collection Set: 0.9ms
[2023-03-29T14:25:43.317-0800][13.408s] GC(6)   Other: 0.3ms
[2023-03-29T14:25:43.317-0800][13.408s] GC(6) Eden regions: 207->0(287)
[2023-03-29T14:25:43.317-0800][13.408s] GC(6) Survivor regions: 19->20(29)
[2023-03-29T14:25:43.317-0800][13.408s] GC(6) Old regions: 7->14
[2023-03-29T14:25:43.317-0800][13.408s] GC(6) Archive regions: 2->2
[2023-03-29T14:25:43.317-0800][13.408s] GC(6) Humongous regions: 4->4
[2023-03-29T14:25:43.317-0800][13.408s] GC(6) Metaspace: 46670K(47872K)->46670K(47872K) NonClass: 41036K(41984K)->41036K(41984K) Class: 5633K(5888K)->5633K(5888K)
[2023-03-29T14:25:43.317-0800][13.408s] GC(6) Pause Young (Normal) (G1 Evacuation Pause) 236M->37M(512M) 33.573ms
[2023-03-29T14:25:43.317-0800][13.408s] GC(6) User=0.06s Sys=0.06s Real=0.03s
[2023-03-29T14:35:35.717-0800][605.824s] GC(7) Pause Young (Normal) (G1 Evacuation Pause)
[2023-03-29T14:35:35.718-0800][605.825s] GC(7) Using 8 workers of 8 for evacuation
[2023-03-29T14:35:35.762-0800][605.869s] GC(7)   Pre Evacuate Collection Set: 0.2ms
[2023-03-29T14:35:35.762-0800][605.869s] GC(7)   Merge Heap Roots: 0.1ms
[2023-03-29T14:35:35.762-0800][605.869s] GC(7)   Evacuate Collection Set: 42.4ms
[2023-03-29T14:35:35.762-0800][605.869s] GC(7)   Post Evacuate Collection Set: 1.3ms
[2023-03-29T14:35:35.762-0800][605.869s] GC(7)   Other: 1.1ms
[2023-03-29T14:35:35.762-0800][605.869s] GC(7) Eden regions: 287->0(279)
[2023-03-29T14:35:35.762-0800][605.869s] GC(7) Survivor regions: 20->28(39)
[2023-03-29T14:35:35.762-0800][605.869s] GC(7) Old regions: 14->14
[2023-03-29T14:35:35.762-0800][605.869s] GC(7) Archive regions: 2->2
[2023-03-29T14:35:35.762-0800][605.869s] GC(7) Humongous regions: 4->4
[2023-03-29T14:35:35.762-0800][605.869s] GC(7) Metaspace: 50754K(51840K)->50754K(51840K) NonClass: 44774K(45568K)->44774K(45568K) Class: 5979K(6272K)->5979K(6272K)
[2023-03-29T14:35:35.762-0800][605.869s] GC(7) Pause Young (Normal) (G1 Evacuation Pause) 324M->46M(512M) 45.177ms
[2023-03-29T14:35:35.762-0800][605.869s] GC(7) User=0.05s Sys=0.06s Real=0.05s
[2023-03-29T14:35:36.892-0800][606.999s] GC(8) Pause Young (Normal) (G1 Evacuation Pause)
[2023-03-29T14:35:36.892-0800][606.999s] GC(8) Using 8 workers of 8 for evacuation
[2023-03-29T14:35:36.903-0800][607.010s] GC(8)   Pre Evacuate Collection Set: 0.1ms
[2023-03-29T14:35:36.903-0800][607.010s] GC(8)   Merge Heap Roots: 0.1ms
[2023-03-29T14:35:36.903-0800][607.010s] GC(8)   Evacuate Collection Set: 9.7ms
[2023-03-29T14:35:36.903-0800][607.010s] GC(8)   Post Evacuate Collection Set: 0.9ms
[2023-03-29T14:35:36.903-0800][607.010s] GC(8)   Other: 0.2ms
[2023-03-29T14:35:36.903-0800][607.010s] GC(8) Eden regions: 279->0(278)
[2023-03-29T14:35:36.903-0800][607.010s] GC(8) Survivor regions: 28->29(39)
[2023-03-29T14:35:36.903-0800][607.010s] GC(8) Old regions: 14->24
[2023-03-29T14:35:36.903-0800][607.010s] GC(8) Archive regions: 2->2
[2023-03-29T14:35:36.903-0800][607.010s] GC(8) Humongous regions: 4->4
[2023-03-29T14:35:36.903-0800][607.010s] GC(8) Metaspace: 50780K(51840K)->50780K(51840K) NonClass: 44800K(45568K)->44800K(45568K) Class: 5980K(6272K)->5980K(6272K)
[2023-03-29T14:35:36.904-0800][607.010s] GC(8) Pause Young (Normal) (G1 Evacuation Pause) 325M->57M(512M) 11.144ms
[2023-03-29T14:35:36.904-0800][607.010s] GC(8) User=0.04s Sys=0.02s Real=0.01s
[2023-03-29T17:01:10.160-0800][9340.205s] GC(9) Pause Young (Normal) (G1 Evacuation Pause)
[2023-03-29T17:01:10.160-0800][9340.205s] GC(9) Using 8 workers of 8 for evacuation
[2023-03-29T17:01:10.195-0800][9340.240s] GC(9)   Pre Evacuate Collection Set: 0.2ms
[2023-03-29T17:01:10.195-0800][9340.240s] GC(9)   Merge Heap Roots: 0.5ms
[2023-03-29T17:01:10.195-0800][9340.240s] GC(9)   Evacuate Collection Set: 28.5ms
[2023-03-29T17:01:10.195-0800][9340.240s] GC(9)   Post Evacuate Collection Set: 4.8ms
[2023-03-29T17:01:10.195-0800][9340.240s] GC(9)   Other: 1.2ms
[2023-03-29T17:01:10.195-0800][9340.240s] GC(9) Eden regions: 278->0(303)
[2023-03-29T17:01:10.195-0800][9340.240s] GC(9) Survivor regions: 29->4(39)
[2023-03-29T17:01:10.195-0800][9340.240s] GC(9) Old regions: 24->32
[2023-03-29T17:01:10.195-0800][9340.240s] GC(9) Archive regions: 2->2
[2023-03-29T17:01:10.195-0800][9340.240s] GC(9) Humongous regions: 4->4
[2023-03-29T17:01:10.195-0800][9340.240s] GC(9) Metaspace: 53457K(54656K)->53457K(54656K) NonClass: 47242K(48128K)->47242K(48128K) Class: 6215K(6528K)->6215K(6528K)
[2023-03-29T17:01:10.195-0800][9340.240s] GC(9) Pause Young (Normal) (G1 Evacuation Pause) 335M->40M(512M) 34.861ms
[2023-03-29T17:01:10.195-0800][9340.240s] GC(9) User=0.03s Sys=0.06s Real=0.03s
[2023-03-29T17:01:10.238-0800][9340.283s] Heap
[2023-03-29T17:01:10.238-0800][9340.283s]  garbage-first heap   total 524288K, used 48798K [0x00000007e0000000, 0x0000000800000000)
[2023-03-29T17:01:10.239-0800][9340.284s]   region size 1024K, 12 young (12288K), 4 survivors (4096K)
[2023-03-29T17:01:10.239-0800][9340.284s]  Metaspace       used 53544K, capacity 54252K, committed 54656K, reserved 1097728K
[2023-03-29T17:01:10.239-0800][9340.284s]   class space    used 6227K, capacity 6452K, committed 6528K, reserved 1048576K
