[2023-03-22T14:43:05.141+0800][0.005s] CardTable entry size: 512
[2023-03-22T14:43:05.141+0800][0.005s] Using G1
[2023-03-22T14:43:05.266+0800][0.129s] Version: 20+36-2344 (release)
[2023-03-22T14:43:05.266+0800][0.129s] CPUs: 8 total, 8 available
[2023-03-22T14:43:05.266+0800][0.129s] Memory: 16384M
[2023-03-22T14:43:05.266+0800][0.129s] Large Page Support: Disabled
[2023-03-22T14:43:05.266+0800][0.129s] NUMA Support: Disabled
[2023-03-22T14:43:05.266+0800][0.129s] Compressed Oops: Enabled (Zero based)
[2023-03-22T14:43:05.266+0800][0.129s] Heap Region Size: 1M
[2023-03-22T14:43:05.266+0800][0.129s] Heap Min Capacity: 512M
[2023-03-22T14:43:05.266+0800][0.129s] Heap Initial Capacity: 512M
[2023-03-22T14:43:05.266+0800][0.130s] Heap Max Capacity: 512M
[2023-03-22T14:43:05.266+0800][0.130s] Pre-touch: Enabled
[2023-03-22T14:43:05.266+0800][0.130s] Parallel Workers: 8
[2023-03-22T14:43:05.266+0800][0.130s] Concurrent Workers: 2
[2023-03-22T14:43:05.266+0800][0.130s] Concurrent Refinement Workers: 8
[2023-03-22T14:43:05.266+0800][0.130s] Periodic GC: Disabled
[2023-03-22T14:43:05.266+0800][0.130s] CDS archive(s) mapped at: [0x0000000800000000-0x0000000800c6c000-0x0000000800c6c000), size 13025280, SharedBaseAddress: 0x0000000800000000, ArchiveRelocationMode: 0.
[2023-03-22T14:43:05.266+0800][0.130s] Compressed class space mapped at: 0x0000000801000000-0x0000000841000000, reserved size: 1073741824
[2023-03-22T14:43:05.266+0800][0.130s] Narrow klass base: 0x0000000800000000, Narrow klass shift: 0, Narrow klass range: 0x100000000
[2023-03-22T14:43:05.830+0800][0.693s] GC(0) Pause Young (Normal) (G1 Evacuation Pause)
[2023-03-22T14:43:05.830+0800][0.694s] GC(0) Using 8 workers of 8 for evacuation
[2023-03-22T14:43:05.833+0800][0.696s] GC(0)   Pre Evacuate Collection Set: 0.1ms
[2023-03-22T14:43:05.833+0800][0.696s] GC(0)   Merge Heap Roots: 0.0ms
[2023-03-22T14:43:05.833+0800][0.696s] GC(0)   Evacuate Collection Set: 1.9ms
[2023-03-22T14:43:05.833+0800][0.696s] GC(0)   Post Evacuate Collection Set: 0.2ms
[2023-03-22T14:43:05.833+0800][0.696s] GC(0)   Other: 0.3ms
[2023-03-22T14:43:05.833+0800][0.696s] GC(0) Eden regions: 29->0(60)
[2023-03-22T14:43:05.833+0800][0.696s] GC(0) Survivor regions: 0->4(4)
[2023-03-22T14:43:05.833+0800][0.696s] GC(0) Old regions: 0->0
[2023-03-22T14:43:05.833+0800][0.696s] GC(0) Archive regions: 2->2
[2023-03-22T14:43:05.833+0800][0.696s] GC(0) Humongous regions: 0->0
[2023-03-22T14:43:05.833+0800][0.696s] GC(0) Metaspace: 9969K(10240K)->9969K(10240K) NonClass: 8837K(8960K)->8837K(8960K) Class: 1131K(1280K)->1131K(1280K)
[2023-03-22T14:43:05.833+0800][0.696s] GC(0) Pause Young (Normal) (G1 Evacuation Pause) 29M->4M(512M) 2.963ms
[2023-03-22T14:43:05.833+0800][0.696s] GC(0) User=0.01s Sys=0.00s Real=0.00s
[2023-03-22T14:43:05.957+0800][0.820s] Heap
[2023-03-22T14:43:05.957+0800][0.820s]  garbage-first heap   total 524288K, used 25504K [0x00000007e0000000, 0x0000000800000000)
[2023-03-22T14:43:05.957+0800][0.820s]   region size 1024K, 20 young (20480K), 4 survivors (4096K)
[2023-03-22T14:43:05.957+0800][0.820s]  Metaspace       used 12850K, committed 13120K, reserved 1114112K
[2023-03-22T14:43:05.957+0800][0.820s]   class space    used 1477K, committed 1600K, reserved 1048576K
