[2023-03-22T14:52:40.765-0800][0.011s] Using G1
[2023-03-22T14:52:40.931-0800][0.178s] Version: 15+36-1562 (release)
[2023-03-22T14:52:40.931-0800][0.178s] CPUs: 8 total, 8 available
[2023-03-22T14:52:40.931-0800][0.178s] Memory: 16384M
[2023-03-22T14:52:40.931-0800][0.178s] Large Page Support: Disabled
[2023-03-22T14:52:40.931-0800][0.178s] NUMA Support: Disabled
[2023-03-22T14:52:40.931-0800][0.178s] Compressed Oops: Enabled (Zero based)
[2023-03-22T14:52:40.931-0800][0.178s] Heap Region Size: 1M
[2023-03-22T14:52:40.931-0800][0.178s] Heap Min Capacity: 512M
[2023-03-22T14:52:40.931-0800][0.178s] Heap Initial Capacity: 512M
[2023-03-22T14:52:40.931-0800][0.178s] Heap Max Capacity: 512M
[2023-03-22T14:52:40.931-0800][0.178s] Pre-touch: Enabled
[2023-03-22T14:52:40.931-0800][0.178s] Parallel Workers: 8
[2023-03-22T14:52:40.931-0800][0.178s] Concurrent Workers: 2
[2023-03-22T14:52:40.931-0800][0.178s] Concurrent Refinement Workers: 8
[2023-03-22T14:52:40.931-0800][0.178s] Periodic GC: Disabled
[2023-03-22T14:52:40.932-0800][0.178s] Mark closed archive regions in map: [0x00000007fff00000, 0x00000007fff78ff8]
[2023-03-22T14:52:40.932-0800][0.178s] Mark open archive regions in map: [0x00000007ffe00000, 0x00000007ffe50ff8]
[2023-03-22T14:52:40.932-0800][0.179s] CDS archive(s) mapped at: [0x0000000800000000-0x0000000800b2c000-0x0000000800b2c000), size 11714560, SharedBaseAddress: 0x0000000800000000, ArchiveRelocationMode: 0.
[2023-03-22T14:52:40.932-0800][0.179s] Compressed class space mapped at: 0x0000000800b2c000-0x0000000840b2c000, size: 1073741824
[2023-03-22T14:52:40.932-0800][0.179s] Narrow klass base: 0x0000000800000000, Narrow klass shift: 3, Narrow klass range: 0x100000000
[2023-03-22T14:52:42.110-0800][1.356s] GC(0) Pause Young (Normal) (G1 Evacuation Pause)
[2023-03-22T14:52:42.110-0800][1.357s] GC(0) Using 8 workers of 8 for evacuation
[2023-03-22T14:52:42.119-0800][1.366s] GC(0)   Pre Evacuate Collection Set: 0.1ms
[2023-03-22T14:52:42.119-0800][1.366s] GC(0)   Merge Heap Roots: 0.1ms
[2023-03-22T14:52:42.119-0800][1.366s] GC(0)   Evacuate Collection Set: 8.0ms
[2023-03-22T14:52:42.119-0800][1.366s] GC(0)   Post Evacuate Collection Set: 0.4ms
[2023-03-22T14:52:42.119-0800][1.366s] GC(0)   Other: 1.0ms
[2023-03-22T14:52:42.119-0800][1.366s] GC(0) Eden regions: 29->0(52)
[2023-03-22T14:52:42.120-0800][1.366s] GC(0) Survivor regions: 0->3(4)
[2023-03-22T14:52:42.120-0800][1.366s] GC(0) Old regions: 0->0
[2023-03-22T14:52:42.120-0800][1.366s] GC(0) Archive regions: 2->2
[2023-03-22T14:52:42.120-0800][1.366s] GC(0) Humongous regions: 0->0
[2023-03-22T14:52:42.120-0800][1.366s] GC(0) Metaspace: 6405K(7808K)->6405K(7808K) NonClass: 5668K(6912K)->5668K(6912K) Class: 737K(896K)->737K(896K)
[2023-03-22T14:52:42.120-0800][1.366s] GC(0) Pause Young (Normal) (G1 Evacuation Pause) 29M->3M(512M) 9.521ms
[2023-03-22T14:52:42.120-0800][1.366s] GC(0) User=0.02s Sys=0.01s Real=0.01s
[2023-03-22T14:52:43.602-0800][2.848s] GC(1) Pause Young (Normal) (G1 Evacuation Pause)
[2023-03-22T14:52:43.602-0800][2.848s] GC(1) Using 8 workers of 8 for evacuation
[2023-03-22T14:52:43.619-0800][2.866s] GC(1)   Pre Evacuate Collection Set: 0.1ms
[2023-03-22T14:52:43.619-0800][2.866s] GC(1)   Merge Heap Roots: 0.1ms
[2023-03-22T14:52:43.619-0800][2.866s] GC(1)   Evacuate Collection Set: 16.2ms
[2023-03-22T14:52:43.619-0800][2.866s] GC(1)   Post Evacuate Collection Set: 0.7ms
[2023-03-22T14:52:43.619-0800][2.866s] GC(1)   Other: 0.1ms
[2023-03-22T14:52:43.619-0800][2.866s] GC(1) Eden regions: 52->0(141)
[2023-03-22T14:52:43.619-0800][2.866s] GC(1) Survivor regions: 3->7(7)
[2023-03-22T14:52:43.619-0800][2.866s] GC(1) Old regions: 0->7
[2023-03-22T14:52:43.619-0800][2.866s] GC(1) Archive regions: 2->2
[2023-03-22T14:52:43.619-0800][2.866s] GC(1) Humongous regions: 4->4
[2023-03-22T14:52:43.619-0800][2.866s] GC(1) Metaspace: 16851K(17536K)->16851K(17536K) NonClass: 14900K(15360K)->14900K(15360K) Class: 1951K(2176K)->1951K(2176K)
[2023-03-22T14:52:43.620-0800][2.866s] GC(1) Pause Young (Normal) (G1 Evacuation Pause) 59M->18M(512M) 17.398ms
[2023-03-22T14:52:43.620-0800][2.866s] GC(1) User=0.05s Sys=0.02s Real=0.02s
[2023-03-22T14:52:44.381-0800][3.628s] GC(2) Pause Young (Concurrent Start) (Metadata GC Threshold)
[2023-03-22T14:52:44.382-0800][3.628s] GC(2) Using 8 workers of 8 for evacuation
[2023-03-22T14:52:44.394-0800][3.641s] GC(2)   Pre Evacuate Collection Set: 0.1ms
[2023-03-22T14:52:44.394-0800][3.641s] GC(2)   Merge Heap Roots: 0.1ms
[2023-03-22T14:52:44.394-0800][3.641s] GC(2)   Evacuate Collection Set: 11.7ms
[2023-03-22T14:52:44.394-0800][3.641s] GC(2)   Post Evacuate Collection Set: 0.7ms
[2023-03-22T14:52:44.394-0800][3.641s] GC(2)   Other: 0.2ms
[2023-03-22T14:52:44.394-0800][3.641s] GC(2) Eden regions: 96->0(294)
[2023-03-22T14:52:44.394-0800][3.641s] GC(2) Survivor regions: 7->13(16)
[2023-03-22T14:52:44.394-0800][3.641s] GC(2) Old regions: 7->7
[2023-03-22T14:52:44.394-0800][3.641s] GC(2) Archive regions: 2->2
[2023-03-22T14:52:44.394-0800][3.641s] GC(2) Humongous regions: 5->4
[2023-03-22T14:52:44.394-0800][3.641s] GC(2) Metaspace: 20663K(21248K)->20663K(21248K) NonClass: 18300K(18688K)->18300K(18688K) Class: 2362K(2560K)->2362K(2560K)
[2023-03-22T14:52:44.394-0800][3.641s] GC(2) Pause Young (Concurrent Start) (Metadata GC Threshold) 115M->24M(512M) 12.971ms
[2023-03-22T14:52:44.394-0800][3.641s] GC(2) User=0.04s Sys=0.02s Real=0.01s
[2023-03-22T14:52:44.395-0800][3.641s] GC(3) Concurrent Cycle
[2023-03-22T14:52:44.395-0800][3.641s] GC(3) Concurrent Clear Claimed Marks
[2023-03-22T14:52:44.395-0800][3.641s] GC(3) Concurrent Clear Claimed Marks 0.098ms
[2023-03-22T14:52:44.395-0800][3.641s] GC(3) Concurrent Scan Root Regions
[2023-03-22T14:52:44.398-0800][3.645s] GC(3) Concurrent Scan Root Regions 3.313ms
[2023-03-22T14:52:44.400-0800][3.647s] GC(3) Concurrent Mark (3.647s)
[2023-03-22T14:52:44.401-0800][3.647s] GC(3) Concurrent Mark From Roots
[2023-03-22T14:52:44.401-0800][3.647s] GC(3) Using 2 workers of 2 for marking
[2023-03-22T14:52:44.406-0800][3.652s] GC(3) Concurrent Mark From Roots 5.354ms
[2023-03-22T14:52:44.406-0800][3.652s] GC(3) Concurrent Preclean
[2023-03-22T14:52:44.406-0800][3.652s] GC(3) Concurrent Preclean 0.036ms
[2023-03-22T14:52:44.406-0800][3.652s] GC(3) Concurrent Mark (3.647s, 3.652s) 5.470ms
[2023-03-22T14:52:44.406-0800][3.653s] GC(3) Pause Remark
[2023-03-22T14:52:44.419-0800][3.665s] GC(3) Pause Remark 25M->25M(512M) 12.245ms
[2023-03-22T14:52:44.419-0800][3.665s] GC(3) User=0.03s Sys=0.02s Real=0.01s
[2023-03-22T14:52:44.419-0800][3.665s] GC(3) Concurrent Rebuild Remembered Sets
[2023-03-22T14:52:44.423-0800][3.669s] GC(3) Concurrent Rebuild Remembered Sets 3.882ms
[2023-03-22T14:52:44.424-0800][3.670s] GC(3) Pause Cleanup
[2023-03-22T14:52:44.424-0800][3.670s] GC(3) Pause Cleanup 25M->25M(512M) 0.098ms
[2023-03-22T14:52:44.424-0800][3.670s] GC(3) User=0.00s Sys=0.00s Real=0.00s
[2023-03-22T14:52:44.424-0800][3.670s] GC(3) Concurrent Cleanup for Next Mark
[2023-03-22T14:52:44.426-0800][3.672s] GC(3) Concurrent Cleanup for Next Mark 1.602ms
[2023-03-22T14:52:44.426-0800][3.672s] GC(3) Concurrent Cycle 30.946ms
[2023-03-22T14:53:06.525-0800][25.772s] GC(4) Pause Young (Concurrent Start) (Metadata GC Threshold)
[2023-03-22T14:53:06.525-0800][25.772s] GC(4) Using 8 workers of 8 for evacuation
[2023-03-22T14:53:06.548-0800][25.795s] GC(4)   Pre Evacuate Collection Set: 0.2ms
[2023-03-22T14:53:06.548-0800][25.795s] GC(4)   Merge Heap Roots: 0.1ms
[2023-03-22T14:53:06.548-0800][25.795s] GC(4)   Evacuate Collection Set: 21.7ms
[2023-03-22T14:53:06.548-0800][25.795s] GC(4)   Post Evacuate Collection Set: 0.8ms
[2023-03-22T14:53:06.548-0800][25.795s] GC(4)   Other: 0.4ms
[2023-03-22T14:53:06.548-0800][25.795s] GC(4) Eden regions: 171->0(289)
[2023-03-22T14:53:06.548-0800][25.795s] GC(4) Survivor regions: 13->18(39)
[2023-03-22T14:53:06.548-0800][25.795s] GC(4) Old regions: 7->7
[2023-03-22T14:53:06.548-0800][25.795s] GC(4) Archive regions: 2->2
[2023-03-22T14:53:06.548-0800][25.795s] GC(4) Humongous regions: 4->4
[2023-03-22T14:53:06.549-0800][25.795s] GC(4) Metaspace: 35116K(35840K)->35116K(35840K) NonClass: 30948K(31488K)->30948K(31488K) Class: 4168K(4352K)->4168K(4352K)
[2023-03-22T14:53:06.549-0800][25.795s] GC(4) Pause Young (Concurrent Start) (Metadata GC Threshold) 194M->29M(512M) 23.264ms
[2023-03-22T14:53:06.549-0800][25.795s] GC(4) User=0.05s Sys=0.04s Real=0.02s
[2023-03-22T14:53:06.549-0800][25.795s] GC(5) Concurrent Cycle
[2023-03-22T14:53:06.549-0800][25.795s] GC(5) Concurrent Clear Claimed Marks
[2023-03-22T14:53:06.549-0800][25.795s] GC(5) Concurrent Clear Claimed Marks 0.030ms
[2023-03-22T14:53:06.549-0800][25.795s] GC(5) Concurrent Scan Root Regions
[2023-03-22T14:53:06.553-0800][25.799s] GC(5) Concurrent Scan Root Regions 4.002ms
[2023-03-22T14:53:06.553-0800][25.799s] GC(5) Concurrent Mark (25.799s)
[2023-03-22T14:53:06.553-0800][25.799s] GC(5) Concurrent Mark From Roots
[2023-03-22T14:53:06.553-0800][25.799s] GC(5) Using 2 workers of 2 for marking
[2023-03-22T14:53:06.557-0800][25.804s] GC(5) Concurrent Mark From Roots 4.545ms
[2023-03-22T14:53:06.557-0800][25.804s] GC(5) Concurrent Preclean
[2023-03-22T14:53:06.557-0800][25.804s] GC(5) Concurrent Preclean 0.033ms
[2023-03-22T14:53:06.557-0800][25.804s] GC(5) Concurrent Mark (25.799s, 25.804s) 4.631ms
[2023-03-22T14:53:06.558-0800][25.805s] GC(5) Pause Remark
[2023-03-22T14:53:06.572-0800][25.818s] GC(5) Pause Remark 30M->30M(512M) 13.527ms
[2023-03-22T14:53:06.572-0800][25.818s] GC(5) User=0.02s Sys=0.02s Real=0.02s
[2023-03-22T14:53:06.572-0800][25.818s] GC(5) Concurrent Rebuild Remembered Sets
[2023-03-22T14:53:06.575-0800][25.822s] GC(5) Concurrent Rebuild Remembered Sets 3.282ms
[2023-03-22T14:53:06.576-0800][25.823s] GC(5) Pause Cleanup
[2023-03-22T14:53:06.577-0800][25.823s] GC(5) Pause Cleanup 30M->30M(512M) 0.109ms
[2023-03-22T14:53:06.577-0800][25.823s] GC(5) User=0.00s Sys=0.00s Real=0.00s
[2023-03-22T14:53:06.577-0800][25.823s] GC(5) Concurrent Cleanup for Next Mark
[2023-03-22T14:53:06.580-0800][25.826s] GC(5) Concurrent Cleanup for Next Mark 3.533ms
[2023-03-22T14:53:06.580-0800][25.826s] GC(5) Concurrent Cycle 31.582ms
[2023-03-22T15:04:56.436-0800][735.690s] GC(6) Pause Young (Normal) (G1 Evacuation Pause)
[2023-03-22T15:04:56.437-0800][735.690s] GC(6) Using 8 workers of 8 for evacuation
[2023-03-22T15:04:56.488-0800][735.741s] GC(6)   Pre Evacuate Collection Set: 0.2ms
[2023-03-22T15:04:56.488-0800][735.741s] GC(6)   Merge Heap Roots: 0.1ms
[2023-03-22T15:04:56.488-0800][735.741s] GC(6)   Evacuate Collection Set: 48.1ms
[2023-03-22T15:04:56.488-0800][735.741s] GC(6)   Post Evacuate Collection Set: 2.7ms
[2023-03-22T15:04:56.488-0800][735.741s] GC(6)   Other: 0.6ms
[2023-03-22T15:04:56.488-0800][735.741s] GC(6) Eden regions: 289->0(280)
[2023-03-22T15:04:56.488-0800][735.741s] GC(6) Survivor regions: 18->27(39)
[2023-03-22T15:04:56.488-0800][735.741s] GC(6) Old regions: 7->7
[2023-03-22T15:04:56.488-0800][735.741s] GC(6) Archive regions: 2->2
[2023-03-22T15:04:56.488-0800][735.741s] GC(6) Humongous regions: 4->4
[2023-03-22T15:04:56.488-0800][735.741s] GC(6) Metaspace: 44629K(45440K)->44629K(45440K) NonClass: 39429K(39936K)->39429K(39936K) Class: 5199K(5504K)->5199K(5504K)
[2023-03-22T15:04:56.488-0800][735.742s] GC(6) Pause Young (Normal) (G1 Evacuation Pause) 318M->37M(512M) 51.865ms
[2023-03-22T15:04:56.488-0800][735.742s] GC(6) User=0.07s Sys=0.11s Real=0.05s
[2023-03-22T15:06:21.873-0800][821.127s] Heap
[2023-03-22T15:06:21.874-0800][821.127s]  garbage-first heap   total 524288K, used 108149K [0x00000007e0000000, 0x0000000800000000)
[2023-03-22T15:06:21.874-0800][821.128s]   region size 1024K, 96 young (98304K), 27 survivors (27648K)
[2023-03-22T15:06:21.874-0800][821.128s]  Metaspace       used 47694K, capacity 48337K, committed 48640K, reserved 1091584K
[2023-03-22T15:06:21.874-0800][821.128s]   class space    used 5657K, capacity 5851K, committed 5888K, reserved 1048576K
