[2023-03-22T15:06:23.823-0800][0.011s] Using G1
[2023-03-22T15:06:23.978-0800][0.167s] Version: 15+36-1562 (release)
[2023-03-22T15:06:23.978-0800][0.167s] CPUs: 8 total, 8 available
[2023-03-22T15:06:23.978-0800][0.167s] Memory: 16384M
[2023-03-22T15:06:23.978-0800][0.167s] Large Page Support: Disabled
[2023-03-22T15:06:23.978-0800][0.167s] NUMA Support: Disabled
[2023-03-22T15:06:23.978-0800][0.167s] Compressed Oops: Enabled (Zero based)
[2023-03-22T15:06:23.978-0800][0.167s] Heap Region Size: 1M
[2023-03-22T15:06:23.978-0800][0.167s] Heap Min Capacity: 512M
[2023-03-22T15:06:23.978-0800][0.167s] Heap Initial Capacity: 512M
[2023-03-22T15:06:23.978-0800][0.167s] Heap Max Capacity: 512M
[2023-03-22T15:06:23.978-0800][0.167s] Pre-touch: Enabled
[2023-03-22T15:06:23.978-0800][0.167s] Parallel Workers: 8
[2023-03-22T15:06:23.978-0800][0.167s] Concurrent Workers: 2
[2023-03-22T15:06:23.978-0800][0.167s] Concurrent Refinement Workers: 8
[2023-03-22T15:06:23.978-0800][0.167s] Periodic GC: Disabled
[2023-03-22T15:06:23.978-0800][0.167s] Mark closed archive regions in map: [0x00000007fff00000, 0x00000007fff78ff8]
[2023-03-22T15:06:23.978-0800][0.167s] Mark open archive regions in map: [0x00000007ffe00000, 0x00000007ffe50ff8]
[2023-03-22T15:06:23.978-0800][0.167s] CDS archive(s) mapped at: [0x0000000800000000-0x0000000800b2c000-0x0000000800b2c000), size 11714560, SharedBaseAddress: 0x0000000800000000, ArchiveRelocationMode: 0.
[2023-03-22T15:06:23.978-0800][0.167s] Compressed class space mapped at: 0x0000000800b2c000-0x0000000840b2c000, size: 1073741824
[2023-03-22T15:06:23.978-0800][0.167s] Narrow klass base: 0x0000000800000000, Narrow klass shift: 3, Narrow klass range: 0x100000000
[2023-03-22T15:06:24.968-0800][1.157s] GC(0) Pause Young (Normal) (G1 Evacuation Pause)
[2023-03-22T15:06:24.968-0800][1.157s] GC(0) Using 8 workers of 8 for evacuation
[2023-03-22T15:06:24.978-0800][1.167s] GC(0)   Pre Evacuate Collection Set: 0.1ms
[2023-03-22T15:06:24.978-0800][1.167s] GC(0)   Merge Heap Roots: 0.1ms
[2023-03-22T15:06:24.978-0800][1.167s] GC(0)   Evacuate Collection Set: 8.6ms
[2023-03-22T15:06:24.978-0800][1.167s] GC(0)   Post Evacuate Collection Set: 0.3ms
[2023-03-22T15:06:24.978-0800][1.167s] GC(0)   Other: 0.9ms
[2023-03-22T15:06:24.978-0800][1.167s] GC(0) Eden regions: 29->0(52)
[2023-03-22T15:06:24.978-0800][1.167s] GC(0) Survivor regions: 0->3(4)
[2023-03-22T15:06:24.978-0800][1.167s] GC(0) Old regions: 0->0
[2023-03-22T15:06:24.978-0800][1.167s] GC(0) Archive regions: 2->2
[2023-03-22T15:06:24.978-0800][1.167s] GC(0) Humongous regions: 0->0
[2023-03-22T15:06:24.978-0800][1.167s] GC(0) Metaspace: 6404K(7808K)->6404K(7808K) NonClass: 5667K(6912K)->5667K(6912K) Class: 737K(896K)->737K(896K)
[2023-03-22T15:06:24.978-0800][1.167s] GC(0) Pause Young (Normal) (G1 Evacuation Pause) 29M->3M(512M) 10.118ms
[2023-03-22T15:06:24.978-0800][1.167s] GC(0) User=0.02s Sys=0.01s Real=0.01s
[2023-03-22T15:06:26.301-0800][2.490s] GC(1) Pause Young (Normal) (G1 Evacuation Pause)
[2023-03-22T15:06:26.301-0800][2.490s] GC(1) Using 8 workers of 8 for evacuation
[2023-03-22T15:06:26.317-0800][2.506s] GC(1)   Pre Evacuate Collection Set: 0.1ms
[2023-03-22T15:06:26.317-0800][2.506s] GC(1)   Merge Heap Roots: 0.1ms
[2023-03-22T15:06:26.317-0800][2.506s] GC(1)   Evacuate Collection Set: 14.9ms
[2023-03-22T15:06:26.317-0800][2.506s] GC(1)   Post Evacuate Collection Set: 0.6ms
[2023-03-22T15:06:26.317-0800][2.506s] GC(1)   Other: 0.1ms
[2023-03-22T15:06:26.317-0800][2.506s] GC(1) Eden regions: 52->0(135)
[2023-03-22T15:06:26.317-0800][2.506s] GC(1) Survivor regions: 3->7(7)
[2023-03-22T15:06:26.317-0800][2.506s] GC(1) Old regions: 0->7
[2023-03-22T15:06:26.317-0800][2.506s] GC(1) Archive regions: 2->2
[2023-03-22T15:06:26.317-0800][2.506s] GC(1) Humongous regions: 4->4
[2023-03-22T15:06:26.317-0800][2.506s] GC(1) Metaspace: 16860K(17536K)->16860K(17536K) NonClass: 14909K(15360K)->14909K(15360K) Class: 1951K(2176K)->1951K(2176K)
[2023-03-22T15:06:26.317-0800][2.506s] GC(1) Pause Young (Normal) (G1 Evacuation Pause) 59M->18M(512M) 15.974ms
[2023-03-22T15:06:26.317-0800][2.506s] GC(1) User=0.05s Sys=0.02s Real=0.01s
[2023-03-22T15:06:27.110-0800][3.299s] GC(2) Pause Young (Concurrent Start) (Metadata GC Threshold)
[2023-03-22T15:06:27.110-0800][3.299s] GC(2) Using 8 workers of 8 for evacuation
[2023-03-22T15:06:27.126-0800][3.315s] GC(2)   Pre Evacuate Collection Set: 0.1ms
[2023-03-22T15:06:27.126-0800][3.315s] GC(2)   Merge Heap Roots: 0.1ms
[2023-03-22T15:06:27.126-0800][3.315s] GC(2)   Evacuate Collection Set: 15.0ms
[2023-03-22T15:06:27.126-0800][3.315s] GC(2)   Post Evacuate Collection Set: 0.8ms
[2023-03-22T15:06:27.126-0800][3.315s] GC(2)   Other: 0.2ms
[2023-03-22T15:06:27.126-0800][3.315s] GC(2) Eden regions: 95->0(295)
[2023-03-22T15:06:27.126-0800][3.315s] GC(2) Survivor regions: 7->12(16)
[2023-03-22T15:06:27.126-0800][3.315s] GC(2) Old regions: 7->7
[2023-03-22T15:06:27.126-0800][3.315s] GC(2) Archive regions: 2->2
[2023-03-22T15:06:27.126-0800][3.315s] GC(2) Humongous regions: 5->5
[2023-03-22T15:06:27.126-0800][3.315s] GC(2) Metaspace: 20578K(21248K)->20578K(21248K) NonClass: 18226K(18688K)->18226K(18688K) Class: 2351K(2560K)->2351K(2560K)
[2023-03-22T15:06:27.126-0800][3.315s] GC(2) Pause Young (Concurrent Start) (Metadata GC Threshold) 113M->23M(512M) 16.362ms
[2023-03-22T15:06:27.126-0800][3.315s] GC(2) User=0.03s Sys=0.01s Real=0.01s
[2023-03-22T15:06:27.127-0800][3.315s] GC(3) Concurrent Cycle
[2023-03-22T15:06:27.127-0800][3.315s] GC(3) Concurrent Clear Claimed Marks
[2023-03-22T15:06:27.127-0800][3.316s] GC(3) Concurrent Clear Claimed Marks 0.063ms
[2023-03-22T15:06:27.127-0800][3.316s] GC(3) Concurrent Scan Root Regions
[2023-03-22T15:06:27.129-0800][3.318s] GC(3) Concurrent Scan Root Regions 2.518ms
[2023-03-22T15:06:27.129-0800][3.318s] GC(3) Concurrent Mark (3.318s)
[2023-03-22T15:06:27.129-0800][3.318s] GC(3) Concurrent Mark From Roots
[2023-03-22T15:06:27.129-0800][3.318s] GC(3) Using 2 workers of 2 for marking
[2023-03-22T15:06:27.137-0800][3.326s] GC(3) Concurrent Mark From Roots 7.630ms
[2023-03-22T15:06:27.137-0800][3.326s] GC(3) Concurrent Preclean
[2023-03-22T15:06:27.137-0800][3.326s] GC(3) Concurrent Preclean 0.040ms
[2023-03-22T15:06:27.137-0800][3.326s] GC(3) Concurrent Mark (3.318s, 3.326s) 7.736ms
[2023-03-22T15:06:27.138-0800][3.327s] GC(3) Pause Remark
[2023-03-22T15:06:27.150-0800][3.339s] GC(3) Pause Remark 24M->24M(512M) 11.962ms
[2023-03-22T15:06:27.150-0800][3.339s] GC(3) User=0.01s Sys=0.02s Real=0.02s
[2023-03-22T15:06:27.150-0800][3.339s] GC(3) Concurrent Rebuild Remembered Sets
[2023-03-22T15:06:27.162-0800][3.351s] GC(3) Concurrent Rebuild Remembered Sets 12.277ms
[2023-03-22T15:06:27.166-0800][3.354s] GC(3) Pause Cleanup
[2023-03-22T15:06:27.166-0800][3.355s] GC(3) Pause Cleanup 24M->24M(512M) 0.116ms
[2023-03-22T15:06:27.166-0800][3.355s] GC(3) User=0.00s Sys=0.00s Real=0.00s
[2023-03-22T15:06:27.166-0800][3.355s] GC(3) Concurrent Cleanup for Next Mark
[2023-03-22T15:06:27.168-0800][3.357s] GC(3) Concurrent Cleanup for Next Mark 1.567ms
[2023-03-22T15:06:27.168-0800][3.357s] GC(3) Concurrent Cycle 41.394ms
[2023-03-22T15:06:29.791-0800][5.980s] GC(4) Pause Young (Concurrent Start) (Metadata GC Threshold)
[2023-03-22T15:06:29.791-0800][5.980s] GC(4) Using 8 workers of 8 for evacuation
[2023-03-22T15:06:29.814-0800][6.003s] GC(4)   Pre Evacuate Collection Set: 0.2ms
[2023-03-22T15:06:29.814-0800][6.003s] GC(4)   Merge Heap Roots: 0.1ms
[2023-03-22T15:06:29.814-0800][6.003s] GC(4)   Evacuate Collection Set: 21.7ms
[2023-03-22T15:06:29.814-0800][6.003s] GC(4)   Post Evacuate Collection Set: 1.1ms
[2023-03-22T15:06:29.814-0800][6.003s] GC(4)   Other: 0.2ms
[2023-03-22T15:06:29.814-0800][6.003s] GC(4) Eden regions: 182->0(211)
[2023-03-22T15:06:29.814-0800][6.003s] GC(4) Survivor regions: 12->18(39)
[2023-03-22T15:06:29.814-0800][6.003s] GC(4) Old regions: 7->7
[2023-03-22T15:06:29.814-0800][6.003s] GC(4) Archive regions: 2->2
[2023-03-22T15:06:29.814-0800][6.003s] GC(4) Humongous regions: 5->4
[2023-03-22T15:06:29.814-0800][6.003s] GC(4) Metaspace: 34902K(35840K)->34902K(35840K) NonClass: 30802K(31488K)->30802K(31488K) Class: 4100K(4352K)->4100K(4352K)
[2023-03-22T15:06:29.814-0800][6.003s] GC(4) Pause Young (Concurrent Start) (Metadata GC Threshold) 205M->29M(512M) 23.345ms
[2023-03-22T15:06:29.814-0800][6.003s] GC(4) User=0.05s Sys=0.03s Real=0.02s
[2023-03-22T15:06:29.814-0800][6.003s] GC(5) Concurrent Cycle
[2023-03-22T15:06:29.814-0800][6.003s] GC(5) Concurrent Clear Claimed Marks
[2023-03-22T15:06:29.814-0800][6.003s] GC(5) Concurrent Clear Claimed Marks 0.041ms
[2023-03-22T15:06:29.814-0800][6.003s] GC(5) Concurrent Scan Root Regions
[2023-03-22T15:06:29.819-0800][6.007s] GC(5) Concurrent Scan Root Regions 4.115ms
[2023-03-22T15:06:29.819-0800][6.007s] GC(5) Concurrent Mark (6.007s)
[2023-03-22T15:06:29.819-0800][6.008s] GC(5) Concurrent Mark From Roots
[2023-03-22T15:06:29.819-0800][6.008s] GC(5) Using 2 workers of 2 for marking
[2023-03-22T15:06:29.831-0800][6.020s] GC(5) Concurrent Mark From Roots 12.741ms
[2023-03-22T15:06:29.831-0800][6.020s] GC(5) Concurrent Preclean
[2023-03-22T15:06:29.831-0800][6.020s] GC(5) Concurrent Preclean 0.029ms
[2023-03-22T15:06:29.831-0800][6.020s] GC(5) Concurrent Mark (6.007s, 6.020s) 12.821ms
[2023-03-22T15:06:29.833-0800][6.022s] GC(5) Pause Remark
[2023-03-22T15:06:29.848-0800][6.037s] GC(5) Pause Remark 30M->30M(512M) 14.985ms
[2023-03-22T15:06:29.848-0800][6.037s] GC(5) User=0.02s Sys=0.02s Real=0.01s
[2023-03-22T15:06:29.848-0800][6.037s] GC(5) Concurrent Rebuild Remembered Sets
[2023-03-22T15:06:29.851-0800][6.040s] GC(5) Concurrent Rebuild Remembered Sets 3.407ms
[2023-03-22T15:06:29.853-0800][6.042s] GC(5) Pause Cleanup
[2023-03-22T15:06:29.853-0800][6.042s] GC(5) Pause Cleanup 30M->30M(512M) 0.190ms
[2023-03-22T15:06:29.853-0800][6.042s] GC(5) User=0.00s Sys=0.00s Real=0.00s
[2023-03-22T15:06:29.853-0800][6.042s] GC(5) Concurrent Cleanup for Next Mark
[2023-03-22T15:06:29.870-0800][6.059s] GC(5) Concurrent Cleanup for Next Mark 16.814ms
[2023-03-22T15:06:29.870-0800][6.059s] GC(5) Concurrent Cycle 55.970ms
[2023-03-22T15:07:03.102-0800][39.291s] GC(6) Pause Young (Normal) (G1 Evacuation Pause)
[2023-03-22T15:07:03.102-0800][39.291s] GC(6) Using 8 workers of 8 for evacuation
[2023-03-22T15:07:03.142-0800][39.331s] GC(6)   Pre Evacuate Collection Set: 0.1ms
[2023-03-22T15:07:03.142-0800][39.331s] GC(6)   Merge Heap Roots: 0.1ms
[2023-03-22T15:07:03.142-0800][39.331s] GC(6)   Evacuate Collection Set: 38.7ms
[2023-03-22T15:07:03.142-0800][39.331s] GC(6)   Post Evacuate Collection Set: 1.1ms
[2023-03-22T15:07:03.142-0800][39.331s] GC(6)   Other: 0.6ms
[2023-03-22T15:07:03.143-0800][39.331s] GC(6) Eden regions: 213->0(287)
[2023-03-22T15:07:03.143-0800][39.331s] GC(6) Survivor regions: 18->20(29)
[2023-03-22T15:07:03.143-0800][39.331s] GC(6) Old regions: 7->14
[2023-03-22T15:07:03.143-0800][39.331s] GC(6) Archive regions: 2->2
[2023-03-22T15:07:03.143-0800][39.331s] GC(6) Humongous regions: 4->4
[2023-03-22T15:07:03.143-0800][39.332s] GC(6) Metaspace: 46492K(47616K)->46492K(47616K) NonClass: 40917K(41728K)->40917K(41728K) Class: 5574K(5888K)->5574K(5888K)
[2023-03-22T15:07:03.143-0800][39.332s] GC(6) Pause Young (Normal) (G1 Evacuation Pause) 242M->37M(512M) 40.782ms
[2023-03-22T15:07:03.143-0800][39.332s] GC(6) User=0.07s Sys=0.05s Real=0.04s
[2023-03-22T23:15:13.033-0800][10525.176s] GC(7) Pause Young (Normal) (G1 Evacuation Pause)
[2023-03-22T23:15:13.035-0800][10525.178s] GC(7) Using 8 workers of 8 for evacuation
[2023-03-22T23:15:13.120-0800][10525.263s] GC(7)   Pre Evacuate Collection Set: 0.7ms
[2023-03-22T23:15:13.120-0800][10525.263s] GC(7)   Merge Heap Roots: 0.7ms
[2023-03-22T23:15:13.120-0800][10525.263s] GC(7)   Evacuate Collection Set: 79.9ms
[2023-03-22T23:15:13.120-0800][10525.263s] GC(7)   Post Evacuate Collection Set: 2.6ms
[2023-03-22T23:15:13.120-0800][10525.263s] GC(7)   Other: 3.3ms
[2023-03-22T23:15:13.120-0800][10525.263s] GC(7) Eden regions: 287->0(286)
[2023-03-22T23:15:13.120-0800][10525.263s] GC(7) Survivor regions: 20->21(39)
[2023-03-22T23:15:13.120-0800][10525.263s] GC(7) Old regions: 14->14
[2023-03-22T23:15:13.120-0800][10525.263s] GC(7) Archive regions: 2->2
[2023-03-22T23:15:13.120-0800][10525.263s] GC(7) Humongous regions: 4->4
[2023-03-22T23:15:13.120-0800][10525.263s] GC(7) Metaspace: 52897K(54016K)->52897K(54016K) NonClass: 46743K(47616K)->46743K(47616K) Class: 6153K(6400K)->6153K(6400K)
[2023-03-22T23:15:13.120-0800][10525.263s] GC(7) Pause Young (Normal) (G1 Evacuation Pause) 324M->38M(512M) 87.186ms
[2023-03-22T23:15:13.120-0800][10525.263s] GC(7) User=0.08s Sys=0.23s Real=0.09s
[2023-03-26T16:14:26.109-0800][49578.540s] Heap
[2023-03-26T16:14:26.110-0800][49578.541s]  garbage-first heap   total 524288K, used 185271K [0x00000007e0000000, 0x0000000800000000)
[2023-03-26T16:14:26.110-0800][49578.541s]   region size 1024K, 164 young (167936K), 21 survivors (21504K)
[2023-03-26T16:14:26.110-0800][49578.541s]  Metaspace       used 53873K, capacity 54572K, committed 55168K, reserved 1097728K
[2023-03-26T16:14:26.110-0800][49578.541s]   class space    used 6200K, capacity 6447K, committed 6528K, reserved 1048576K
