[2023-03-26T16:14:34.943-0800][0.010s] Using G1
[2023-03-26T16:14:35.082-0800][0.150s] Version: 15+36-1562 (release)
[2023-03-26T16:14:35.082-0800][0.150s] CPUs: 8 total, 8 available
[2023-03-26T16:14:35.082-0800][0.150s] Memory: 16384M
[2023-03-26T16:14:35.082-0800][0.150s] Large Page Support: Disabled
[2023-03-26T16:14:35.082-0800][0.150s] NUMA Support: Disabled
[2023-03-26T16:14:35.082-0800][0.150s] Compressed Oops: Enabled (Zero based)
[2023-03-26T16:14:35.082-0800][0.150s] Heap Region Size: 1M
[2023-03-26T16:14:35.082-0800][0.150s] Heap Min Capacity: 512M
[2023-03-26T16:14:35.082-0800][0.150s] Heap Initial Capacity: 512M
[2023-03-26T16:14:35.082-0800][0.150s] Heap Max Capacity: 512M
[2023-03-26T16:14:35.082-0800][0.150s] Pre-touch: Enabled
[2023-03-26T16:14:35.082-0800][0.150s] Parallel Workers: 8
[2023-03-26T16:14:35.082-0800][0.150s] Concurrent Workers: 2
[2023-03-26T16:14:35.082-0800][0.150s] Concurrent Refinement Workers: 8
[2023-03-26T16:14:35.082-0800][0.150s] Periodic GC: Disabled
[2023-03-26T16:14:35.083-0800][0.151s] Mark closed archive regions in map: [0x00000007fff00000, 0x00000007fff78ff8]
[2023-03-26T16:14:35.083-0800][0.151s] Mark open archive regions in map: [0x00000007ffe00000, 0x00000007ffe50ff8]
[2023-03-26T16:14:35.083-0800][0.151s] CDS archive(s) mapped at: [0x0000000800000000-0x0000000800b2c000-0x0000000800b2c000), size 11714560, SharedBaseAddress: 0x0000000800000000, ArchiveRelocationMode: 0.
[2023-03-26T16:14:35.083-0800][0.151s] Compressed class space mapped at: 0x0000000800b2c000-0x0000000840b2c000, size: 1073741824
[2023-03-26T16:14:35.083-0800][0.151s] Narrow klass base: 0x0000000800000000, Narrow klass shift: 3, Narrow klass range: 0x100000000
[2023-03-26T16:14:35.972-0800][1.040s] GC(0) Pause Young (Normal) (G1 Evacuation Pause)
[2023-03-26T16:14:35.972-0800][1.040s] GC(0) Using 8 workers of 8 for evacuation
[2023-03-26T16:14:35.983-0800][1.051s] GC(0)   Pre Evacuate Collection Set: 0.1ms
[2023-03-26T16:14:35.983-0800][1.051s] GC(0)   Merge Heap Roots: 0.4ms
[2023-03-26T16:14:35.983-0800][1.051s] GC(0)   Evacuate Collection Set: 9.2ms
[2023-03-26T16:14:35.983-0800][1.051s] GC(0)   Post Evacuate Collection Set: 0.5ms
[2023-03-26T16:14:35.983-0800][1.051s] GC(0)   Other: 1.4ms
[2023-03-26T16:14:35.983-0800][1.051s] GC(0) Eden regions: 29->0(52)
[2023-03-26T16:14:35.983-0800][1.051s] GC(0) Survivor regions: 0->3(4)
[2023-03-26T16:14:35.983-0800][1.051s] GC(0) Old regions: 0->0
[2023-03-26T16:14:35.983-0800][1.051s] GC(0) Archive regions: 2->2
[2023-03-26T16:14:35.983-0800][1.051s] GC(0) Humongous regions: 0->0
[2023-03-26T16:14:35.983-0800][1.051s] GC(0) Metaspace: 6397K(7808K)->6397K(7808K) NonClass: 5660K(6912K)->5660K(6912K) Class: 737K(896K)->737K(896K)
[2023-03-26T16:14:35.983-0800][1.051s] GC(0) Pause Young (Normal) (G1 Evacuation Pause) 29M->3M(512M) 11.581ms
[2023-03-26T16:14:35.983-0800][1.051s] GC(0) User=0.02s Sys=0.00s Real=0.01s
[2023-03-26T16:14:37.243-0800][2.311s] GC(1) Pause Young (Normal) (G1 Evacuation Pause)
[2023-03-26T16:14:37.243-0800][2.311s] GC(1) Using 8 workers of 8 for evacuation
[2023-03-26T16:14:37.258-0800][2.326s] GC(1)   Pre Evacuate Collection Set: 0.2ms
[2023-03-26T16:14:37.258-0800][2.326s] GC(1)   Merge Heap Roots: 0.1ms
[2023-03-26T16:14:37.258-0800][2.326s] GC(1)   Evacuate Collection Set: 14.1ms
[2023-03-26T16:14:37.258-0800][2.326s] GC(1)   Post Evacuate Collection Set: 0.7ms
[2023-03-26T16:14:37.258-0800][2.326s] GC(1)   Other: 0.1ms
[2023-03-26T16:14:37.258-0800][2.326s] GC(1) Eden regions: 52->0(134)
[2023-03-26T16:14:37.258-0800][2.326s] GC(1) Survivor regions: 3->7(7)
[2023-03-26T16:14:37.258-0800][2.326s] GC(1) Old regions: 0->7
[2023-03-26T16:14:37.258-0800][2.326s] GC(1) Archive regions: 2->2
[2023-03-26T16:14:37.258-0800][2.326s] GC(1) Humongous regions: 4->4
[2023-03-26T16:14:37.258-0800][2.326s] GC(1) Metaspace: 16859K(17536K)->16859K(17536K) NonClass: 14908K(15360K)->14908K(15360K) Class: 1951K(2176K)->1951K(2176K)
[2023-03-26T16:14:37.258-0800][2.326s] GC(1) Pause Young (Normal) (G1 Evacuation Pause) 59M->17M(512M) 15.292ms
[2023-03-26T16:14:37.258-0800][2.326s] GC(1) User=0.03s Sys=0.01s Real=0.01s
[2023-03-26T16:14:38.000-0800][3.068s] GC(2) Pause Young (Concurrent Start) (Metadata GC Threshold)
[2023-03-26T16:14:38.000-0800][3.068s] GC(2) Using 8 workers of 8 for evacuation
[2023-03-26T16:14:38.015-0800][3.082s] GC(2)   Pre Evacuate Collection Set: 0.2ms
[2023-03-26T16:14:38.015-0800][3.082s] GC(2)   Merge Heap Roots: 0.1ms
[2023-03-26T16:14:38.015-0800][3.082s] GC(2)   Evacuate Collection Set: 12.8ms
[2023-03-26T16:14:38.015-0800][3.082s] GC(2)   Post Evacuate Collection Set: 0.8ms
[2023-03-26T16:14:38.015-0800][3.082s] GC(2)   Other: 0.2ms
[2023-03-26T16:14:38.015-0800][3.082s] GC(2) Eden regions: 100->0(293)
[2023-03-26T16:14:38.015-0800][3.082s] GC(2) Survivor regions: 7->14(15)
[2023-03-26T16:14:38.015-0800][3.082s] GC(2) Old regions: 7->7
[2023-03-26T16:14:38.015-0800][3.082s] GC(2) Archive regions: 2->2
[2023-03-26T16:14:38.015-0800][3.082s] GC(2) Humongous regions: 5->4
[2023-03-26T16:14:38.015-0800][3.082s] GC(2) Metaspace: 20747K(21248K)->20747K(21248K) NonClass: 18364K(18688K)->18364K(18688K) Class: 2383K(2560K)->2383K(2560K)
[2023-03-26T16:14:38.015-0800][3.082s] GC(2) Pause Young (Concurrent Start) (Metadata GC Threshold) 118M->24M(512M) 14.201ms
[2023-03-26T16:14:38.015-0800][3.082s] GC(2) User=0.03s Sys=0.01s Real=0.01s
[2023-03-26T16:14:38.015-0800][3.083s] GC(3) Concurrent Cycle
[2023-03-26T16:14:38.015-0800][3.083s] GC(3) Concurrent Clear Claimed Marks
[2023-03-26T16:14:38.015-0800][3.083s] GC(3) Concurrent Clear Claimed Marks 0.035ms
[2023-03-26T16:14:38.015-0800][3.083s] GC(3) Concurrent Scan Root Regions
[2023-03-26T16:14:38.019-0800][3.087s] GC(3) Concurrent Scan Root Regions 4.187ms
[2023-03-26T16:14:38.019-0800][3.087s] GC(3) Concurrent Mark (3.087s)
[2023-03-26T16:14:38.019-0800][3.087s] GC(3) Concurrent Mark From Roots
[2023-03-26T16:14:38.019-0800][3.087s] GC(3) Using 2 workers of 2 for marking
[2023-03-26T16:14:38.025-0800][3.092s] GC(3) Concurrent Mark From Roots 5.217ms
[2023-03-26T16:14:38.025-0800][3.093s] GC(3) Concurrent Preclean
[2023-03-26T16:14:38.025-0800][3.093s] GC(3) Concurrent Preclean 0.044ms
[2023-03-26T16:14:38.025-0800][3.093s] GC(3) Concurrent Mark (3.087s, 3.093s) 5.620ms
[2023-03-26T16:14:38.026-0800][3.093s] GC(3) Pause Remark
[2023-03-26T16:14:38.038-0800][3.106s] GC(3) Pause Remark 25M->25M(512M) 12.295ms
[2023-03-26T16:14:38.038-0800][3.106s] GC(3) User=0.01s Sys=0.01s Real=0.01s
[2023-03-26T16:14:38.038-0800][3.106s] GC(3) Concurrent Rebuild Remembered Sets
[2023-03-26T16:14:38.046-0800][3.114s] GC(3) Concurrent Rebuild Remembered Sets 7.741ms
[2023-03-26T16:14:38.047-0800][3.114s] GC(3) Pause Cleanup
[2023-03-26T16:14:38.047-0800][3.115s] GC(3) Pause Cleanup 25M->25M(512M) 0.150ms
[2023-03-26T16:14:38.047-0800][3.115s] GC(3) User=0.00s Sys=0.00s Real=0.00s
[2023-03-26T16:14:38.047-0800][3.115s] GC(3) Concurrent Cleanup for Next Mark
[2023-03-26T16:14:38.048-0800][3.115s] GC(3) Concurrent Cleanup for Next Mark 0.708ms
[2023-03-26T16:14:38.048-0800][3.116s] GC(3) Concurrent Cycle 32.753ms
[2023-03-26T16:14:39.912-0800][4.979s] GC(4) Pause Young (Concurrent Start) (Metadata GC Threshold)
[2023-03-26T16:14:39.912-0800][4.979s] GC(4) Using 8 workers of 8 for evacuation
[2023-03-26T16:14:39.930-0800][4.998s] GC(4)   Pre Evacuate Collection Set: 0.2ms
[2023-03-26T16:14:39.930-0800][4.998s] GC(4)   Merge Heap Roots: 0.1ms
[2023-03-26T16:14:39.930-0800][4.998s] GC(4)   Evacuate Collection Set: 17.0ms
[2023-03-26T16:14:39.930-0800][4.998s] GC(4)   Post Evacuate Collection Set: 0.9ms
[2023-03-26T16:14:39.930-0800][4.998s] GC(4)   Other: 0.2ms
[2023-03-26T16:14:39.930-0800][4.998s] GC(4) Eden regions: 176->0(288)
[2023-03-26T16:14:39.930-0800][4.998s] GC(4) Survivor regions: 14->19(39)
[2023-03-26T16:14:39.930-0800][4.998s] GC(4) Old regions: 7->7
[2023-03-26T16:14:39.930-0800][4.998s] GC(4) Archive regions: 2->2
[2023-03-26T16:14:39.930-0800][4.998s] GC(4) Humongous regions: 4->4
[2023-03-26T16:14:39.930-0800][4.998s] GC(4) Metaspace: 35149K(35840K)->35149K(35840K) NonClass: 31022K(31488K)->31022K(31488K) Class: 4127K(4352K)->4127K(4352K)
[2023-03-26T16:14:39.930-0800][4.998s] GC(4) Pause Young (Concurrent Start) (Metadata GC Threshold) 200M->29M(512M) 18.438ms
[2023-03-26T16:14:39.930-0800][4.998s] GC(4) User=0.04s Sys=0.01s Real=0.02s
[2023-03-26T16:14:39.930-0800][4.998s] GC(5) Concurrent Cycle
[2023-03-26T16:14:39.930-0800][4.998s] GC(5) Concurrent Clear Claimed Marks
[2023-03-26T16:14:39.930-0800][4.998s] GC(5) Concurrent Clear Claimed Marks 0.030ms
[2023-03-26T16:14:39.930-0800][4.998s] GC(5) Concurrent Scan Root Regions
[2023-03-26T16:14:39.933-0800][5.001s] GC(5) Concurrent Scan Root Regions 3.186ms
[2023-03-26T16:14:39.934-0800][5.001s] GC(5) Concurrent Mark (5.001s)
[2023-03-26T16:14:39.934-0800][5.001s] GC(5) Concurrent Mark From Roots
[2023-03-26T16:14:39.934-0800][5.001s] GC(5) Using 2 workers of 2 for marking
[2023-03-26T16:14:39.937-0800][5.005s] GC(5) Concurrent Mark From Roots 3.916ms
[2023-03-26T16:14:39.937-0800][5.005s] GC(5) Concurrent Preclean
[2023-03-26T16:14:39.938-0800][5.005s] GC(5) Concurrent Preclean 0.027ms
[2023-03-26T16:14:39.938-0800][5.005s] GC(5) Concurrent Mark (5.001s, 5.005s) 3.979ms
[2023-03-26T16:14:39.939-0800][5.006s] GC(5) Pause Remark
[2023-03-26T16:14:39.950-0800][5.017s] GC(5) Pause Remark 30M->30M(512M) 11.152ms
[2023-03-26T16:14:39.950-0800][5.017s] GC(5) User=0.01s Sys=0.01s Real=0.02s
[2023-03-26T16:14:39.950-0800][5.018s] GC(5) Concurrent Rebuild Remembered Sets
[2023-03-26T16:14:39.953-0800][5.021s] GC(5) Concurrent Rebuild Remembered Sets 2.913ms
[2023-03-26T16:14:39.953-0800][5.021s] GC(5) Pause Cleanup
[2023-03-26T16:14:39.953-0800][5.021s] GC(5) Pause Cleanup 30M->30M(512M) 0.069ms
[2023-03-26T16:14:39.953-0800][5.021s] GC(5) User=0.00s Sys=0.00s Real=0.00s
[2023-03-26T16:14:39.953-0800][5.021s] GC(5) Concurrent Cleanup for Next Mark
[2023-03-26T16:14:39.954-0800][5.022s] GC(5) Concurrent Cleanup for Next Mark 0.722ms
[2023-03-26T16:14:39.954-0800][5.022s] GC(5) Concurrent Cycle 23.833ms
[2023-03-26T16:16:22.037-0800][107.104s] GC(6) Pause Young (Normal) (G1 Evacuation Pause)
[2023-03-26T16:16:22.038-0800][107.104s] GC(6) Using 8 workers of 8 for evacuation
[2023-03-26T16:16:22.107-0800][107.174s] GC(6)   Pre Evacuate Collection Set: 0.1ms
[2023-03-26T16:16:22.107-0800][107.174s] GC(6)   Merge Heap Roots: 0.2ms
[2023-03-26T16:16:22.107-0800][107.174s] GC(6)   Evacuate Collection Set: 67.4ms
[2023-03-26T16:16:22.107-0800][107.174s] GC(6)   Post Evacuate Collection Set: 1.8ms
[2023-03-26T16:16:22.107-0800][107.174s] GC(6)   Other: 0.7ms
[2023-03-26T16:16:22.107-0800][107.174s] GC(6) Eden regions: 288->0(279)
[2023-03-26T16:16:22.107-0800][107.174s] GC(6) Survivor regions: 19->28(39)
[2023-03-26T16:16:22.107-0800][107.174s] GC(6) Old regions: 7->7
[2023-03-26T16:16:22.108-0800][107.174s] GC(6) Archive regions: 2->2
[2023-03-26T16:16:22.108-0800][107.174s] GC(6) Humongous regions: 4->4
[2023-03-26T16:16:22.108-0800][107.174s] GC(6) Metaspace: 48139K(49024K)->48139K(49024K) NonClass: 42378K(43008K)->42378K(43008K) Class: 5760K(6016K)->5760K(6016K)
[2023-03-26T16:16:22.108-0800][107.174s] GC(6) Pause Young (Normal) (G1 Evacuation Pause) 317M->38M(512M) 70.191ms
[2023-03-26T16:16:22.108-0800][107.174s] GC(6) User=0.08s Sys=0.12s Real=0.07s
[2023-03-26T16:19:44.238-0800][309.301s] Heap
[2023-03-26T16:19:44.238-0800][309.302s]  garbage-first heap   total 524288K, used 97808K [0x00000007e0000000, 0x0000000800000000)
[2023-03-26T16:19:44.238-0800][309.302s]   region size 1024K, 86 young (88064K), 28 survivors (28672K)
[2023-03-26T16:19:44.238-0800][309.302s]  Metaspace       used 49264K, capacity 49798K, committed 50176K, reserved 1093632K
[2023-03-26T16:19:44.238-0800][309.302s]   class space    used 5861K, capacity 6076K, committed 6144K, reserved 1048576K
