[2023-03-29T14:11:44.074-0800][0.012s] Using G1
[2023-03-29T14:11:44.261-0800][0.198s] Version: 15+36-1562 (release)
[2023-03-29T14:11:44.261-0800][0.198s] CPUs: 8 total, 8 available
[2023-03-29T14:11:44.261-0800][0.198s] Memory: 16384M
[2023-03-29T14:11:44.261-0800][0.198s] Large Page Support: Disabled
[2023-03-29T14:11:44.261-0800][0.198s] NUMA Support: Disabled
[2023-03-29T14:11:44.261-0800][0.198s] Compressed Oops: Enabled (Zero based)
[2023-03-29T14:11:44.261-0800][0.198s] Heap Region Size: 1M
[2023-03-29T14:11:44.261-0800][0.198s] Heap Min Capacity: 512M
[2023-03-29T14:11:44.261-0800][0.198s] Heap Initial Capacity: 512M
[2023-03-29T14:11:44.261-0800][0.198s] Heap Max Capacity: 512M
[2023-03-29T14:11:44.261-0800][0.198s] Pre-touch: Enabled
[2023-03-29T14:11:44.261-0800][0.198s] Parallel Workers: 8
[2023-03-29T14:11:44.261-0800][0.198s] Concurrent Workers: 2
[2023-03-29T14:11:44.261-0800][0.198s] Concurrent Refinement Workers: 8
[2023-03-29T14:11:44.261-0800][0.198s] Periodic GC: Disabled
[2023-03-29T14:11:44.261-0800][0.199s] Mark closed archive regions in map: [0x00000007fff00000, 0x00000007fff78ff8]
[2023-03-29T14:11:44.261-0800][0.199s] Mark open archive regions in map: [0x00000007ffe00000, 0x00000007ffe50ff8]
[2023-03-29T14:11:44.261-0800][0.199s] CDS archive(s) mapped at: [0x0000000800000000-0x0000000800b2c000-0x0000000800b2c000), size 11714560, SharedBaseAddress: 0x0000000800000000, ArchiveRelocationMode: 0.
[2023-03-29T14:11:44.261-0800][0.199s] Compressed class space mapped at: 0x0000000800b2c000-0x0000000840b2c000, size: 1073741824
[2023-03-29T14:11:44.261-0800][0.199s] Narrow klass base: 0x0000000800000000, Narrow klass shift: 3, Narrow klass range: 0x100000000
[2023-03-29T14:11:45.344-0800][1.281s] GC(0) Pause Young (Normal) (G1 Evacuation Pause)
[2023-03-29T14:11:45.344-0800][1.282s] GC(0) Using 8 workers of 8 for evacuation
[2023-03-29T14:11:45.355-0800][1.292s] GC(0)   Pre Evacuate Collection Set: 0.1ms
[2023-03-29T14:11:45.355-0800][1.292s] GC(0)   Merge Heap Roots: 0.4ms
[2023-03-29T14:11:45.355-0800][1.292s] GC(0)   Evacuate Collection Set: 8.9ms
[2023-03-29T14:11:45.355-0800][1.292s] GC(0)   Post Evacuate Collection Set: 0.4ms
[2023-03-29T14:11:45.355-0800][1.292s] GC(0)   Other: 1.6ms
[2023-03-29T14:11:45.355-0800][1.292s] GC(0) Eden regions: 29->0(52)
[2023-03-29T14:11:45.355-0800][1.292s] GC(0) Survivor regions: 0->3(4)
[2023-03-29T14:11:45.355-0800][1.292s] GC(0) Old regions: 0->0
[2023-03-29T14:11:45.355-0800][1.293s] GC(0) Archive regions: 2->2
[2023-03-29T14:11:45.355-0800][1.293s] GC(0) Humongous regions: 0->0
[2023-03-29T14:11:45.355-0800][1.293s] GC(0) Metaspace: 6406K(7808K)->6406K(7808K) NonClass: 5669K(6912K)->5669K(6912K) Class: 737K(896K)->737K(896K)
[2023-03-29T14:11:45.355-0800][1.293s] GC(0) Pause Young (Normal) (G1 Evacuation Pause) 29M->3M(512M) 11.356ms
[2023-03-29T14:11:45.355-0800][1.293s] GC(0) User=0.01s Sys=0.00s Real=0.01s
[2023-03-29T14:11:46.780-0800][2.718s] GC(1) Pause Young (Normal) (G1 Evacuation Pause)
[2023-03-29T14:11:46.780-0800][2.718s] GC(1) Using 8 workers of 8 for evacuation
[2023-03-29T14:11:46.796-0800][2.734s] GC(1)   Pre Evacuate Collection Set: 0.1ms
[2023-03-29T14:11:46.796-0800][2.734s] GC(1)   Merge Heap Roots: 0.1ms
[2023-03-29T14:11:46.796-0800][2.734s] GC(1)   Evacuate Collection Set: 15.1ms
[2023-03-29T14:11:46.796-0800][2.734s] GC(1)   Post Evacuate Collection Set: 0.5ms
[2023-03-29T14:11:46.796-0800][2.734s] GC(1)   Other: 0.2ms
[2023-03-29T14:11:46.796-0800][2.734s] GC(1) Eden regions: 52->0(129)
[2023-03-29T14:11:46.796-0800][2.734s] GC(1) Survivor regions: 3->7(7)
[2023-03-29T14:11:46.796-0800][2.734s] GC(1) Old regions: 0->7
[2023-03-29T14:11:46.796-0800][2.734s] GC(1) Archive regions: 2->2
[2023-03-29T14:11:46.796-0800][2.734s] GC(1) Humongous regions: 4->4
[2023-03-29T14:11:46.796-0800][2.734s] GC(1) Metaspace: 16861K(17536K)->16861K(17536K) NonClass: 14909K(15360K)->14909K(15360K) Class: 1951K(2176K)->1951K(2176K)
[2023-03-29T14:11:46.796-0800][2.734s] GC(1) Pause Young (Normal) (G1 Evacuation Pause) 59M->18M(512M) 16.133ms
[2023-03-29T14:11:46.797-0800][2.734s] GC(1) User=0.05s Sys=0.03s Real=0.01s
[2023-03-29T14:11:47.670-0800][3.607s] GC(2) Pause Young (Concurrent Start) (Metadata GC Threshold)
[2023-03-29T14:11:47.670-0800][3.607s] GC(2) Using 8 workers of 8 for evacuation
[2023-03-29T14:11:47.683-0800][3.620s] GC(2)   Pre Evacuate Collection Set: 0.1ms
[2023-03-29T14:11:47.683-0800][3.620s] GC(2)   Merge Heap Roots: 0.1ms
[2023-03-29T14:11:47.683-0800][3.620s] GC(2)   Evacuate Collection Set: 12.2ms
[2023-03-29T14:11:47.683-0800][3.620s] GC(2)   Post Evacuate Collection Set: 0.6ms
[2023-03-29T14:11:47.683-0800][3.620s] GC(2)   Other: 0.3ms
[2023-03-29T14:11:47.683-0800][3.620s] GC(2) Eden regions: 99->0(294)
[2023-03-29T14:11:47.683-0800][3.620s] GC(2) Survivor regions: 7->13(14)
[2023-03-29T14:11:47.683-0800][3.620s] GC(2) Old regions: 7->7
[2023-03-29T14:11:47.683-0800][3.620s] GC(2) Archive regions: 2->2
[2023-03-29T14:11:47.683-0800][3.620s] GC(2) Humongous regions: 5->4
[2023-03-29T14:11:47.683-0800][3.620s] GC(2) Metaspace: 20756K(21248K)->20756K(21248K) NonClass: 18373K(18688K)->18373K(18688K) Class: 2383K(2560K)->2383K(2560K)
[2023-03-29T14:11:47.683-0800][3.621s] GC(2) Pause Young (Concurrent Start) (Metadata GC Threshold) 117M->23M(512M) 13.377ms
[2023-03-29T14:11:47.683-0800][3.621s] GC(2) User=0.04s Sys=0.01s Real=0.01s
[2023-03-29T14:11:47.683-0800][3.621s] GC(3) Concurrent Cycle
[2023-03-29T14:11:47.683-0800][3.621s] GC(3) Concurrent Clear Claimed Marks
[2023-03-29T14:11:47.683-0800][3.621s] GC(3) Concurrent Clear Claimed Marks 0.037ms
[2023-03-29T14:11:47.683-0800][3.621s] GC(3) Concurrent Scan Root Regions
[2023-03-29T14:11:47.687-0800][3.624s] GC(3) Concurrent Scan Root Regions 3.238ms
[2023-03-29T14:11:47.687-0800][3.624s] GC(3) Concurrent Mark (3.624s)
[2023-03-29T14:11:47.687-0800][3.624s] GC(3) Concurrent Mark From Roots
[2023-03-29T14:11:47.687-0800][3.624s] GC(3) Using 2 workers of 2 for marking
[2023-03-29T14:11:47.693-0800][3.631s] GC(3) Concurrent Mark From Roots 6.654ms
[2023-03-29T14:11:47.693-0800][3.631s] GC(3) Concurrent Preclean
[2023-03-29T14:11:47.693-0800][3.631s] GC(3) Concurrent Preclean 0.049ms
[2023-03-29T14:11:47.693-0800][3.631s] GC(3) Concurrent Mark (3.624s, 3.631s) 6.758ms
[2023-03-29T14:11:47.694-0800][3.632s] GC(3) Pause Remark
[2023-03-29T14:11:47.705-0800][3.643s] GC(3) Pause Remark 24M->24M(512M) 10.960ms
[2023-03-29T14:11:47.705-0800][3.643s] GC(3) User=0.01s Sys=0.01s Real=0.01s
[2023-03-29T14:11:47.705-0800][3.643s] GC(3) Concurrent Rebuild Remembered Sets
[2023-03-29T14:11:47.709-0800][3.646s] GC(3) Concurrent Rebuild Remembered Sets 3.338ms
[2023-03-29T14:11:47.711-0800][3.649s] GC(3) Pause Cleanup
[2023-03-29T14:11:47.711-0800][3.649s] GC(3) Pause Cleanup 24M->24M(512M) 0.108ms
[2023-03-29T14:11:47.711-0800][3.649s] GC(3) User=0.00s Sys=0.00s Real=0.00s
[2023-03-29T14:11:47.712-0800][3.649s] GC(3) Concurrent Cleanup for Next Mark
[2023-03-29T14:11:47.713-0800][3.650s] GC(3) Concurrent Cleanup for Next Mark 1.092ms
[2023-03-29T14:11:47.713-0800][3.650s] GC(3) Concurrent Cycle 29.374ms
[2023-03-29T14:11:50.080-0800][6.017s] GC(4) Pause Young (Concurrent Start) (Metadata GC Threshold)
[2023-03-29T14:11:50.080-0800][6.017s] GC(4) Using 8 workers of 8 for evacuation
[2023-03-29T14:11:50.102-0800][6.040s] GC(4)   Pre Evacuate Collection Set: 0.1ms
[2023-03-29T14:11:50.102-0800][6.040s] GC(4)   Merge Heap Roots: 0.1ms
[2023-03-29T14:11:50.102-0800][6.040s] GC(4)   Evacuate Collection Set: 21.0ms
[2023-03-29T14:11:50.102-0800][6.040s] GC(4)   Post Evacuate Collection Set: 0.9ms
[2023-03-29T14:11:50.102-0800][6.040s] GC(4)   Other: 0.2ms
[2023-03-29T14:11:50.102-0800][6.040s] GC(4) Eden regions: 181->0(289)
[2023-03-29T14:11:50.102-0800][6.040s] GC(4) Survivor regions: 13->18(39)
[2023-03-29T14:11:50.102-0800][6.040s] GC(4) Old regions: 7->7
[2023-03-29T14:11:50.102-0800][6.040s] GC(4) Archive regions: 2->2
[2023-03-29T14:11:50.102-0800][6.040s] GC(4) Humongous regions: 4->4
[2023-03-29T14:11:50.102-0800][6.040s] GC(4) Metaspace: 35058K(35840K)->35058K(35840K) NonClass: 30948K(31488K)->30948K(31488K) Class: 4109K(4352K)->4109K(4352K)
[2023-03-29T14:11:50.102-0800][6.040s] GC(4) Pause Young (Concurrent Start) (Metadata GC Threshold) 204M->29M(512M) 22.403ms
[2023-03-29T14:11:50.102-0800][6.040s] GC(4) User=0.05s Sys=0.04s Real=0.02s
[2023-03-29T14:11:50.102-0800][6.040s] GC(5) Concurrent Cycle
[2023-03-29T14:11:50.102-0800][6.040s] GC(5) Concurrent Clear Claimed Marks
[2023-03-29T14:11:50.102-0800][6.040s] GC(5) Concurrent Clear Claimed Marks 0.025ms
[2023-03-29T14:11:50.102-0800][6.040s] GC(5) Concurrent Scan Root Regions
[2023-03-29T14:11:50.106-0800][6.044s] GC(5) Concurrent Scan Root Regions 3.729ms
[2023-03-29T14:11:50.106-0800][6.044s] GC(5) Concurrent Mark (6.044s)
[2023-03-29T14:11:50.106-0800][6.044s] GC(5) Concurrent Mark From Roots
[2023-03-29T14:11:50.106-0800][6.044s] GC(5) Using 2 workers of 2 for marking
[2023-03-29T14:11:50.111-0800][6.049s] GC(5) Concurrent Mark From Roots 4.772ms
[2023-03-29T14:11:50.111-0800][6.049s] GC(5) Concurrent Preclean
[2023-03-29T14:11:50.111-0800][6.049s] GC(5) Concurrent Preclean 0.033ms
[2023-03-29T14:11:50.111-0800][6.049s] GC(5) Concurrent Mark (6.044s, 6.049s) 4.858ms
[2023-03-29T14:11:50.111-0800][6.049s] GC(5) Pause Remark
[2023-03-29T14:11:50.125-0800][6.063s] GC(5) Pause Remark 29M->29M(512M) 13.695ms
[2023-03-29T14:11:50.125-0800][6.063s] GC(5) User=0.03s Sys=0.02s Real=0.01s
[2023-03-29T14:11:50.125-0800][6.063s] GC(5) Concurrent Rebuild Remembered Sets
[2023-03-29T14:11:50.129-0800][6.066s] GC(5) Concurrent Rebuild Remembered Sets 3.370ms
[2023-03-29T14:11:50.129-0800][6.067s] GC(5) Pause Cleanup
[2023-03-29T14:11:50.129-0800][6.067s] GC(5) Pause Cleanup 29M->29M(512M) 0.156ms
[2023-03-29T14:11:50.129-0800][6.067s] GC(5) User=0.00s Sys=0.00s Real=0.00s
[2023-03-29T14:11:50.129-0800][6.067s] GC(5) Concurrent Cleanup for Next Mark
[2023-03-29T14:11:50.131-0800][6.069s] GC(5) Concurrent Cleanup for Next Mark 2.051ms
[2023-03-29T14:11:50.131-0800][6.069s] GC(5) Concurrent Cycle 29.142ms
[2023-03-29T14:17:52.810-0800][368.746s] Heap
[2023-03-29T14:17:52.810-0800][368.747s]  garbage-first heap   total 524288K, used 316419K [0x00000007e0000000, 0x0000000800000000)
[2023-03-29T14:17:52.810-0800][368.747s]   region size 1024K, 299 young (306176K), 18 survivors (18432K)
[2023-03-29T14:17:52.810-0800][368.747s]  Metaspace       used 48050K, capacity 48495K, committed 49024K, reserved 1091584K
[2023-03-29T14:17:52.810-0800][368.747s]   class space    used 5743K, capacity 5933K, committed 6016K, reserved 1048576K
